BL51 BANKED LINKER/LOCATER V6.22                                                        06/05/2014  10:05:02  PAGE 1


BL51 BANKED LINKER/LOCATER V6.22, INVOKED BY:
C:\KEIL\C51\BIN\BL51.EXE .\Output\main.obj, .\Output\STARTUP.obj, .\Output\EO3000I_CFG.obj, .\Output\tcm320-868mhz-4dbm-
>> 1v51-da.obj, .\EO3000I_API.LIB, .\EO3000I_API_FSK.LIB TO .\Output\RadioToSerial_868 PRINT (.\Output\RadioToSerial_868
>> .m51) RAMSIZE (256) DISABLEWARNING (15, 16) CODE (0X0000-0X7FFF) XDATA (0X0000-0X07FF)


MEMORY MODEL: LARGE


INPUT MODULES INCLUDED:
  .\Output\main.obj (MAIN)
  .\Output\STARTUP.obj (?C_STARTUP)
  .\Output\EO3000I_CFG.obj (EO3000I_CFG)
  .\Output\tcm320-868mhz-4dbm-1v51-da.obj (TCM320_868MHZ_4DBM_1V51_DA)
  .\EO3000I_API.LIB (?C?CLDPTR)
  .\EO3000I_API.LIB (?C?CLDOPTR)
  .\EO3000I_API.LIB (?C?CSTOPTR)
  .\EO3000I_API.LIB (?C?ILDOPTR)
  .\EO3000I_API.LIB (?C?ULCMP)
  .\EO3000I_API.LIB (?C?LSTXDATA)
  .\EO3000I_API.LIB (IO_GETDIGITAL)
  .\EO3000I_API.LIB (IO_INIT)
  .\EO3000I_API.LIB (IO_SETDIGITAL)
  .\EO3000I_API.LIB (ISR_TIMER0)
  .\EO3000I_API.LIB (MISC_INIT)
  .\EO3000I_API.LIB (PWR_RESETSLEEPTIMER)
  .\EO3000I_API.LIB (PWR_XTAL)
  .\EO3000I_API.LIB (RADIO_ENABLERX)
  .\EO3000I_API.LIB (RADIO_GETTELEGRAM)
  .\EO3000I_API.LIB (RADIO_INIT)
  .\EO3000I_API.LIB (RADIO_TIMELIMIT)
  .\EO3000I_API.LIB (TIME_GETTIMEOUT)
  .\EO3000I_API.LIB (TIME_SETTIMERCOUNT)
  .\EO3000I_API.LIB (TIME_WAIT)
  .\EO3000I_API.LIB (?C?COPY)
  .\EO3000I_API.LIB (?C?CSTPTR)
  .\EO3000I_API.LIB (?C?UIDIV)
  .\EO3000I_API.LIB (?C?IILDX)
  .\EO3000I_API.LIB (?C?ILDIX)
  .\EO3000I_API.LIB (?C?LADD)
  .\EO3000I_API.LIB (?C?LSUB)
  .\EO3000I_API.LIB (?C?LMUL)
  .\EO3000I_API.LIB (?C?ULDIV)
  .\EO3000I_API.LIB (?C?SLCMP)
  .\EO3000I_API.LIB (?C?LLDOPTR)
  .\EO3000I_API.LIB (?C?LSTOPTR)
  .\EO3000I_API.LIB (?C?LLDXDATA)
  .\EO3000I_API.LIB (?C?LLDXDATA0)
  .\EO3000I_API.LIB (?C?LLDPTR0)
  .\EO3000I_API.LIB (?C?LSTKXDATA)
  .\EO3000I_API.LIB (?C?OFFXADD)
  .\EO3000I_API.LIB (?C?PLDXDATA)
  .\EO3000I_API.LIB (?C?PSTXDATA)
  .\EO3000I_API.LIB (?C?ICALL)
  .\EO3000I_API.LIB (?C?LIMUL)
  .\EO3000I_API.LIB (?C?MEMSET)
  .\EO3000I_API.LIB (FILTER_APPLY)
  .\EO3000I_API.LIB (ISR_RADIORX)
BL51 BANKED LINKER/LOCATER V6.22                                                      06/05/2014  10:05:02  PAGE 2


  .\EO3000I_API.LIB (ISR_RADIOTX)
  .\EO3000I_API.LIB (MISC_INFAREA)
  .\EO3000I_API.LIB (MISC_RNDINIT)
  .\EO3000I_API.LIB (PROC_CRC8)
  .\EO3000I_API.LIB (PWR_DISABLESLEEPTIMER)
  .\EO3000I_API.LIB (PWR_VDDFAILCB)
  .\EO3000I_API.LIB (RADIO_CHECKSUB)
  .\EO3000I_API.LIB (RADIO_CONVERTTEL)
  .\EO3000I_API.LIB (RADIO_DECODERX)
  .\EO3000I_API.LIB (RADIO_UPDATERADIOBUFF)
  .\EO3000I_API.LIB (TIME_GETTIME)
  .\EO3000I_API.LIB (UART_VAR)
  .\EO3000I_API.LIB (APBBR_READ_DATA)
  .\EO3000I_API.LIB (APBBR_READ_DATA_C)
  .\EO3000I_API.LIB (APBBR_WRITE_DATA_ASM)
  .\EO3000I_API.LIB (APBBR_WRITE_DATA_C)
  .\EO3000I_API.LIB (?C?LLDPTR)
  .\EO3000I_API.LIB (?C?LSTPTR)
  .\EO3000I_API.LIB (?C?LLDIDATA)
  .\EO3000I_API.LIB (?C?LLDPDATA)
  .\EO3000I_API.LIB (?C?LLDCODE)
  .\EO3000I_API.LIB (?C?LLDIDATA0)
  .\EO3000I_API.LIB (?C?LLDPDATA0)
  .\EO3000I_API.LIB (?C?LLDCODE0)
  .\EO3000I_API.LIB (?C?LSTIDATA)
  .\EO3000I_API.LIB (?C?LSTPDATA)
  .\EO3000I_API.LIB (?C?MEMCMP)
  .\EO3000I_API.LIB (DBG_SAVESUBTELINFO)
  .\EO3000I_API.LIB (RADIO_RX)
  .\EO3000I_API.LIB (RADIO_SUBTELTIMING)
  .\EO3000I_API.LIB (RADIO_TX)
  .\EO3000I_API.LIB (REP_CHECKREP)
  .\EO3000I_API.LIB (?C?PLDIXDATA)
  .\EO3000I_API.LIB (RADIO_ISRECEIVING)
  .\EO3000I_API.LIB (RADIO_RSSITODBM_ASM)
  .\EO3000I_API.LIB (SMACK_VAR)
  .\EO3000I_API.LIB (APBBR_READ_DATA_I)
  C:\KEIL\C51\LIB\C51L.LIB (?C_INIT)


LINK MAP OF MODULE:  .\Output\RadioToSerial_868 (MAIN)


            TYPE    BASE      LENGTH    RELOCATION   SEGMENT NAME
            -----------------------------------------------------

            * * * * * * *   D A T A   M E M O R Y   * * * * * * *
            REG     0000H     0008H     ABSOLUTE     "REG BANK 0"
            REG     0008H     0008H     ABSOLUTE     "REG BANK 1"
            DATA    0010H     000DH     UNIT         ?DT?RADIO_INIT
            IDATA   001DH     0003H     UNIT         ?ID?IO_INIT
            DATA    0020H     0003H     BIT_ADDR     ?BA?RADIO_DECODERX
            DATA    0023H     0002H     BIT_ADDR     ?BA?RADIO_TX
            BIT     0025H.0   0001H.0   UNIT         ?BI?RADIO_INIT
            BIT     0026H.0   0001H.0   UNIT         _BIT_GROUP_
            BIT     0027H.0   0000H.3   UNIT         ?BI?UART_VAR
            BIT     0027H.3   0000H.2   UNIT         ?BI?MISC_INIT
BL51 BANKED LINKER/LOCATER V6.22                                                      06/05/2014  10:05:02  PAGE 3


            BIT     0027H.5   0000H.2   UNIT         ?BI?RADIO_ENABLERX?RADIO_ENABLERX
            BIT     0027H.7   0000H.1   UNIT         ?BI?IO_INIT
            BIT     0028H.0   0000H.1   UNIT         ?BI?RADIO_WAITENDMATURITY?RADIO_GETTELEGRAM
            BIT     0028H.1   0000H.1   UNIT         ?BI?RADIO_GETTELEGRAM
            BIT     0028H.2   0000H.1   UNIT         ?BI?PWR_VDDFAILCB
                    0028H.3   0000H.5                *** GAP ***
            DATA    0029H     0021H     UNIT         _DATA_GROUP_
            DATA    004AH     0004H     UNIT         ?DT?MISC_INIT
            IDATA   004EH     003CH     UNIT         ?ID?EO3000I_CFG
            IDATA   008AH     0009H     UNIT         ?ID?UART_VAR
            IDATA   0093H     0001H     UNIT         ?ID?SMACK_VAR
            IDATA   0094H     0001H     UNIT         ?STACK

            * * * * * * *  X D A T A   M E M O R Y  * * * * * * *
            XDATA   0000H     023EH     UNIT         ?XD?MAIN
            XDATA   023EH     00F8H     UNIT         ?XD?EO3000I_CFG
            XDATA   0336H     0049H     UNIT         ?XD?RADIO_INIT
            XDATA   037FH     0032H     UNIT         _XDATA_GROUP_
            XDATA   03B1H     0028H     UNIT         ?XD?MISC_INIT
            XDATA   03D9H     000DH     UNIT         ?XD?RADIO_TIMELIMIT
            XDATA   03E6H     0006H     UNIT         ?XD?IO_INIT
            XDATA   03ECH     0004H     UNIT         ?XD?_TESTLED?MAIN
            XDATA   03F0H     0003H     UNIT         ?XD?FILTER_APPLY
            XDATA   03F3H     0002H     UNIT         ?XD?PWR_XTAL
            XDATA   03F5H     0002H     UNIT         ?XD?PWR_VDDFAILCB
            XDATA   03F7H     0001H     UNIT         ?XD?RADIO_RX
            XDATA   03F8H     0001H     UNIT         ?XD?REP_CHECKREP

            * * * * * * *   C O D E   M E M O R Y   * * * * * * *
            CODE    0000H     0003H     ABSOLUTE     
            CODE    0003H     0006H     UNIT         ?PR?TIME_GETTIMEOUT
            CODE    0009H     0001H     UNIT         ?PR?WRITE_INFO_FLASH?MAIN
                    000AH     0001H                  *** GAP ***
            CODE    000BH     0003H     ABSOLUTE     
            CODE    000EH     000DH     UNIT         ?PR?RADIO_UPDATERADIOBUFF
            CODE    001BH     0003H     ABSOLUTE     
            CODE    001EH     0014H     UNIT         ?PR?_MISC_RNDINIT?MISC_RNDINIT
                    0032H     0001H                  *** GAP ***
            CODE    0033H     0003H     ABSOLUTE     
            CODE    0036H     0733H     UNIT         ?C?LIB_CODE
            CODE    0769H     02DAH     UNIT         ?C_INITSEG
            CODE    0A43H     026BH     UNIT         ?PR?RADIO_DECODERX?RADIO_DECODERX
            CODE    0CAEH     023CH     UNIT         ?PR?RADIO_CONVERTTEL?RADIO_CONVERTTEL
            CODE    0EEAH     0233H     UNIT         ?PR?_RADIO_GETTELEGRAM?RADIO_GETTELEGRAM
            CODE    111DH     0232H     UNIT         ?PR?LEARN_MODE_FUNCTION?MAIN
            CODE    134FH     01BDH     UNIT         ?PR?_RADIO_TX?RADIO_TX
            CODE    150CH     01AAH     UNIT         ?PR?_TIME_WAIT?TIME_WAIT
            CODE    16B6H     019EH     UNIT         ?PR?WORK_FUNCTION?MAIN
            CODE    1854H     0185H     UNIT         ?PR?RADIO_UPDATERADIOBUFF?RADIO_UPDATERADIOBUFF
            CODE    19D9H     0174H     UNIT         ?PR?_RADIO_INIT_ASM?RADIO_INIT_ASM
            CODE    1B4DH     013AH     UNIT         ?PR?MAIN
            CODE    1C87H     0122H     UNIT         ?PR?RADIO_CHECKSUB?RADIO_CHECKSUB
            CODE    1DA9H     0122H     UNIT         ?PR?RADIO_RX?RADIO_RX
            CODE    1ECBH     010CH     UNIT         ?PR?_FILTER_APPLY?FILTER_APPLY
            CODE    1FD7H     0100H     UNIT         ?CO?PROC_CRC8
            CODE    20D7H     00CCH     UNIT         ?PR?ISR_RADIORX?ISR_RADIORX
            CODE    21A3H     00C7H     UNIT         ?PR?_BTN_GETSTATE?MAIN
BL51 BANKED LINKER/LOCATER V6.22                                                      06/05/2014  10:05:02  PAGE 4


            CODE    226AH     00BDH     UNIT         ?PR?_REP_CHECKREP?REP_CHECKREP
            CODE    2327H     00AFH     UNIT         ?PR?MODE_CONTROL?MAIN
            CODE    23D6H     00AFH     UNIT         ?PR?ISR_TIMER0?ISR_TIMER0
            CODE    2485H     009BH     UNIT         ?PR?_PWR_RESETSLEEPTIMER?PWR_RESETSLEEPTIMER
            CODE    2520H     008AH     UNIT         ?PR?_IO_INIT?IO_INIT
            CODE    25AAH     0089H     UNIT         ?C_C51STARTUP
            CODE    2633H     0082H     UNIT         ?PR?RADIO_CHECKLIMITTIMER?RADIO_TIMELIMIT
            CODE    26B5H     0079H     UNIT         ?PR?_PWR_ENABLEXTAL?PWR_XTAL
            CODE    272EH     006FH     UNIT         ?PR?RADIO_CONVERTTEL
            CODE    279DH     0068H     UNIT         ?PR?_TESTLED?MAIN
            CODE    2805H     0068H     UNIT         ?PR?_RADIO_INIT?RADIO_INIT
            CODE    286DH     0068H     UNIT         ?PR?_TIME_GETTIMEOUT?TIME_GETTIMEOUT
            CODE    28D5H     0067H     UNIT         ?PR?_RADIO_SUBTELTIMING?RADIO_SUBTELTIMING
            CODE    293CH     0064H     UNIT         ?PR?ISR_RADIOTX?ISR_RADIOTX
            CODE    29A0H     005DH     UNIT         ?PR?_IO_GETDIGITAL?IO_GETDIGITAL
            CODE    29FDH     0056H     UNIT         ?PR?_IO_SETDIGITAL?IO_SETDIGITAL
            CODE    2A53H     0052H     UNIT         ?PR?RADIO_ENABLERX?RADIO_ENABLERX
            CODE    2AA5H     004EH     UNIT         ?PR?_RADIO_INCREMENTLIMIT?RADIO_TIMELIMIT
            CODE    2AF3H     004DH     UNIT         ?PR?PWR_SELECTXTAL?PWR_XTAL
            CODE    2B40H     0047H     UNIT         ?PR?_RADIO_INITDUTYCYCLELIMIT?RADIO_TIMELIMIT
            CODE    2B87H     0043H     UNIT         ?PR?RADIO_CHECKSUB
            CODE    2BCAH     003EH     UNIT         ?PR?_BLINKLEDA?MAIN
            CODE    2C08H     003EH     UNIT         ?PR?_BLINKLEDB?MAIN
            CODE    2C46H     003CH     UNIT         ?CO?MAIN
            CODE    2C82H     003BH     UNIT         ?PR?_TIME_SETTIMERCOUNT?TIME_SETTIMERCOUNT
            CODE    2CBDH     003BH     UNIT         ?PR?RX_BUFF_FILLED?ISR_RADIORX
            CODE    2CF8H     0039H     UNIT         ?PR?_RADIO_RSSITODBM_ASM?RADIO_RSSITODBM_ASM
            CODE    2D31H     0037H     UNIT         ?PR?MISC_INIT?MISC_INIT
            CODE    2D68H     0030H     UNIT         ?PR?_PWR_DISABLESLEEPTIMER?PWR_DISABLESLEEPTIMER
            CODE    2D98H     002CH     UNIT         ?PR?RADIO_GETTELEGRAM
            CODE    2DC4H     0026H     UNIT         ?PR?TIME_WAIT
            CODE    2DEAH     0025H     UNIT         ?PR?ISR_TIMER0INIT?ISR_TIMER0
            CODE    2E0FH     0023H     UNIT         ?PR?FILTER_APPLY
            CODE    2E32H     0021H     UNIT         ?PR?RADIO_DECODERX
            CODE    2E53H     001CH     UNIT         ?PR?_PWR_VDDFAILINITCB?PWR_VDDFAILCB
            CODE    2E6FH     001CH     UNIT         ?PR?RADIO_ISRECEIVING?RADIO_ISRECEIVING
            CODE    2E8BH     001BH     UNIT         ?PR?RADIO_ISOVERLIMIT?RADIO_TIMELIMIT
            CODE    2EA6H     001BH     UNIT         ?PR?MISC_ISENOCEAN?MISC_INFAREA
            CODE    2EC1H     001AH     UNIT         ?PR?MAININIT?EO3000I_CFG
            CODE    2EDBH     0019H     UNIT         ?CO?MISC_INIT
            CODE    2EF4H     0019H     UNIT         ?PR?_PWR_VDDFAILENABLECB?PWR_VDDFAILCB
            CODE    2F0DH     0018H     UNIT         ?PR?MAIN?MAIN
            CODE    2F25H     0017H     UNIT         ?PR?_APBBR_READ_DATA?APBBR_READ_DATA
            CODE    2F3CH     0016H     UNIT         ?PR?_MISC_ISLOCALID?MISC_INFAREA
            CODE    2F52H     0016H     UNIT         ?PR?_APBBR_WRITE_DATA_ASM?APBBR_WRITE_DATA_ASM
            CODE    2F68H     0013H     UNIT         ?PR?ISR_RADIORXINIT?ISR_RADIORX
            CODE    2F7BH     0013H     UNIT         ?PR?_APBBR_READ_DATA_I?APBBR_READ_DATA_I
            CODE    2F8EH     0011H     UNIT         ?PR?_TIME_GETTIME?TIME_GETTIME
            CODE    2F9FH     0011H     UNIT         ?PR?_APBBR_READ_DATA_C?APBBR_READ_DATA_C
            CODE    2FB0H     0011H     UNIT         ?PR?_ISLBT?RADIO_TX
            CODE    2FC1H     0010H     UNIT         ?PR?ISR_RADIOTXINIT?ISR_RADIOTX
            CODE    2FD1H     0010H     UNIT         ?PR?_APBBR_WRITE_DATA_C?APBBR_WRITE_DATA_C
            CODE    2FE1H     000FH     UNIT         ?PR?RADIO_RX
            CODE    2FF0H     000EH     UNIT         ?PR?STARTUPINIT?EO3000I_CFG
            CODE    2FFEH     000EH     UNIT         ?CO?EO3000I_CFG
            CODE    300CH     000EH     UNIT         ?CO?RADIO_INIT
            CODE    301AH     000EH     UNIT         ?PR?RADIO_TIMELIMIT
BL51 BANKED LINKER/LOCATER V6.22                                                      06/05/2014  10:05:02  PAGE 5


            CODE    3028H     000CH     UNIT         ?PR?MISC_INIT
            CODE    3034H     000AH     UNIT         ?PR?RADIO_TX
            CODE    303EH     0009H     UNIT         ?PR?_MISC_GETID?MISC_INFAREA
            CODE    3047H     0009H     UNIT         ?PR?_DBG_SAVESUBTELINFO?DBG_SAVESUBTELINFO
            CODE    3050H     0005H     UNIT         ?PR?RADIO_WAITENDMATURITY?RADIO_GETTELEGRAM
            CODE    3055H     0003H     UNIT         ?PR?RADIO_ISTX?RADIO_INIT
                    3058H     6FA8H                  *** GAP ***
            CODE    A000H     0100H     ABSOLUTE     



OVERLAY MAP OF MODULE:   .\Output\RadioToSerial_868 (MAIN)


SEGMENT                                             BIT_GROUP          DATA_GROUP          XDATA_GROUP
  +--> CALLED SEGMENT                            START    LENGTH     START    LENGTH     START    LENGTH
--------------------------------------------------------------------------------------------------------
?C_C51STARTUP                                    -----    -----      -----    -----      -----    -----
  +--> ?PR?STARTUPINIT?EO3000I_CFG
  +--> ?PR?MAIN?MAIN
  +--> ?C_INITSEG

?PR?STARTUPINIT?EO3000I_CFG                      -----    -----      -----    -----      -----    -----
  +--> ?PR?_PWR_ENABLEXTAL?PWR_XTAL
  +--> ?CO?EO3000I_CFG
  +--> ?PR?_IO_INIT?IO_INIT

?PR?_PWR_ENABLEXTAL?PWR_XTAL                     -----    -----      -----    -----      037FH    0001H
  +--> ?PR?_APBBR_READ_DATA_C?APBBR_READ_DATA_C
  +--> ?PR?_APBBR_WRITE_DATA_C?APBBR_WRITE_D...
  +--> ?PR?_RADIO_INIT_ASM?RADIO_INIT_ASM
  +--> ?PR?_APBBR_WRITE_DATA_ASM?APBBR_WRITE...

?PR?MAIN?MAIN                                    -----    -----      -----    -----      -----    -----
  +--> ?PR?MAININIT?EO3000I_CFG
  +--> ?PR?RADIO_ENABLERX?RADIO_ENABLERX
  +--> ?PR?_PWR_RESETSLEEPTIMER?PWR_RESETSLE...
  +--> ?PR?MODE_CONTROL?MAIN
  +--> ?PR?LEARN_MODE_FUNCTION?MAIN
  +--> ?PR?WORK_FUNCTION?MAIN

?PR?MAININIT?EO3000I_CFG                         -----    -----      -----    -----      -----    -----
  +--> ?PR?_RADIO_INIT_ASM?RADIO_INIT_ASM
  +--> ?PR?_RADIO_INIT?RADIO_INIT
  +--> ?PR?_RADIO_INITDUTYCYCLELIMIT?RADIO_T...
  +--> ?PR?ISR_TIMER0INIT?ISR_TIMER0
  +--> ?PR?MISC_INIT?MISC_INIT
  +--> ?PR?PWR_SELECTXTAL?PWR_XTAL

?PR?_RADIO_INIT?RADIO_INIT                       -----    -----      0029H    0001H      037FH    0004H
  +--> ?PR?ISR_RADIOTXINIT?ISR_RADIOTX

?PR?_RADIO_INITDUTYCYCLELIMIT?RADIO_T...         -----    -----      -----    -----      -----    -----
  +--> ?PR?_RADIO_INCREMENTLIMIT?RADIO_TIMEL...
  +--> ?PR?RADIO_CHECKLIMITTIMER?RADIO_TIMEL...
  +--> ?PR?RADIO_ISOVERLIMIT?RADIO_TIMELIMIT

BL51 BANKED LINKER/LOCATER V6.22                                                      06/05/2014  10:05:02  PAGE 6


?PR?_RADIO_INCREMENTLIMIT?RADIO_TIMEL...         -----    -----      -----    -----      -----    -----
  +--> ?PR?RADIO_TIMELIMIT

?PR?RADIO_CHECKLIMITTIMER?RADIO_TIMEL...         -----    -----      -----    -----      -----    -----
  +--> ?PR?RADIO_TIMELIMIT

?PR?MISC_INIT?MISC_INIT                          -----    -----      0029H    0004H      -----    -----
  +--> ?PR?_MISC_GETID?MISC_INFAREA
  +--> ?PR?MISC_INIT
  +--> ?PR?_MISC_RNDINIT?MISC_RNDINIT

?PR?PWR_SELECTXTAL?PWR_XTAL                      -----    -----      -----    -----      -----    -----
  +--> ?PR?MISC_ISENOCEAN?MISC_INFAREA
  +--> ?PR?_APBBR_READ_DATA?APBBR_READ_DATA
  +--> ?PR?_APBBR_READ_DATA_C?APBBR_READ_DATA_C
  +--> ?PR?_APBBR_WRITE_DATA_C?APBBR_WRITE_D...

?PR?RADIO_ENABLERX?RADIO_ENABLERX                -----    -----      -----    -----      -----    -----
  +--> ?PR?ISR_RADIORXINIT?ISR_RADIORX

?PR?_PWR_RESETSLEEPTIMER?PWR_RESETSLE...         -----    -----      -----    -----      -----    -----
  +--> ?PR?_APBBR_READ_DATA_C?APBBR_READ_DATA_C
  +--> ?PR?_APBBR_READ_DATA?APBBR_READ_DATA
  +--> ?PR?_APBBR_WRITE_DATA_ASM?APBBR_WRITE...
  +--> ?PR?_APBBR_WRITE_DATA_C?APBBR_WRITE_D...

?PR?MODE_CONTROL?MAIN                            -----    -----      -----    -----      -----    -----
  +--> ?PR?_BTN_GETSTATE?MAIN
  +--> ?PR?WRITE_INFO_FLASH?MAIN
  +--> ?PR?_IO_SETDIGITAL?IO_SETDIGITAL
  +--> ?PR?_BLINKLEDB?MAIN

?PR?_BTN_GETSTATE?MAIN                           -----    -----      -----    -----      037FH    0004H
  +--> ?PR?_IO_GETDIGITAL?IO_GETDIGITAL
  +--> ?PR?MAIN
  +--> ?PR?_TIME_GETTIMEOUT?TIME_GETTIMEOUT
  +--> ?CO?MAIN
  +--> ?PR?_TIME_SETTIMERCOUNT?TIME_SETTIMER...

?PR?_TIME_GETTIMEOUT?TIME_GETTIMEOUT             -----    -----      0029H    0004H      0383H    0003H
  +--> ?PR?_TIME_GETTIME?TIME_GETTIME
  +--> ?PR?TIME_GETTIMEOUT

?PR?_TIME_SETTIMERCOUNT?TIME_SETTIMER...         -----    -----      -----    -----      0383H    0007H
  +--> ?PR?_TIME_GETTIME?TIME_GETTIME

?PR?_BLINKLEDB?MAIN                              -----    -----      -----    -----      039EH    0002H
  +--> ?PR?_IO_SETDIGITAL?IO_SETDIGITAL
  +--> ?PR?_TIME_WAIT?TIME_WAIT

?PR?_TIME_WAIT?TIME_WAIT                         -----    -----      0029H    0008H      03A0H    0004H
  +--> ?PR?TIME_WAIT
  +--> ?PR?_APBBR_WRITE_DATA_C?APBBR_WRITE_D...
  +--> ?PR?_APBBR_WRITE_DATA_ASM?APBBR_WRITE...
  +--> ?PR?_APBBR_READ_DATA_C?APBBR_READ_DATA_C
  +--> ?PR?_PWR_DISABLESLEEPTIMER?PWR_DISABL...

BL51 BANKED LINKER/LOCATER V6.22                                                      06/05/2014  10:05:02  PAGE 7


?PR?_PWR_DISABLESLEEPTIMER?PWR_DISABL...         -----    -----      -----    -----      -----    -----
  +--> ?PR?_APBBR_READ_DATA_C?APBBR_READ_DATA_C
  +--> ?PR?_APBBR_WRITE_DATA_C?APBBR_WRITE_D...

?PR?LEARN_MODE_FUNCTION?MAIN                     -----    -----      -----    -----      037FH    001FH
  +--> ?PR?MAIN
  +--> ?PR?_RADIO_GETTELEGRAM?RADIO_GETTELEGRAM
  +--> ?PR?_BLINKLEDB?MAIN
  +--> ?PR?_BLINKLEDA?MAIN

?PR?_RADIO_GETTELEGRAM?RADIO_GETTELEGRAM         0026H.0  0000H.2    0029H    0002H      039EH    000CH
  +--> ?PR?_FILTER_APPLY?FILTER_APPLY
  +--> ?PR?RADIO_GETTELEGRAM
  +--> ?CO?PROC_CRC8

?PR?_FILTER_APPLY?FILTER_APPLY                   0026H.2  0000H.1    002BH    0007H      03AAH    0001H
  +--> ?PR?FILTER_APPLY

?PR?_BLINKLEDA?MAIN                              -----    -----      -----    -----      039EH    0002H
  +--> ?PR?_IO_SETDIGITAL?IO_SETDIGITAL
  +--> ?PR?_TIME_WAIT?TIME_WAIT

?PR?WORK_FUNCTION?MAIN                           -----    -----      -----    -----      037FH    001DH
  +--> ?PR?MAIN
  +--> ?PR?_RADIO_GETTELEGRAM?RADIO_GETTELEGRAM
  +--> ?PR?_BLINKLEDA?MAIN
  +--> ?PR?_BLINKLEDB?MAIN

*** NEW ROOT ***************************************************

?PR?ISR_TIMER0?ISR_TIMER0                        0026H.3  0000H.1    0032H    0001H      -----    -----
  +--> ?PR?RADIO_UPDATERADIOBUFF?RADIO_UPDAT...
  +--> ?PR?RADIO_DECODERX?RADIO_DECODERX
  +--> ?PR?RADIO_CONVERTTEL?RADIO_CONVERTTEL
  +--> ?PR?RADIO_CHECKSUB?RADIO_CHECKSUB

?PR?RADIO_UPDATERADIOBUFF?RADIO_UPDAT...         -----    -----      0033H    0006H      -----    -----
  +--> ?PR?RADIO_UPDATERADIOBUFF
  +--> ?PR?_RADIO_TX?RADIO_TX
  +--> ?PR?_RADIO_SUBTELTIMING?RADIO_SUBTELT...

?PR?_RADIO_TX?RADIO_TX                           0026H.4  0000H.2    0039H    0003H      03ABH    0006H
  +--> ?PR?RADIO_ISRECEIVING?RADIO_ISRECEIVING
  +--> ?PR?RADIO_TX
  +--> ?CO?PROC_CRC8
  +--> ?PR?_APBBR_WRITE_DATA_C?APBBR_WRITE_D...

?PR?RADIO_ISRECEIVING?RADIO_ISRECEIVING          -----    -----      003CH    0002H      -----    -----
  +--> ?PR?_APBBR_READ_DATA_I?APBBR_READ_DATA_I

?PR?RADIO_TX                                     -----    -----      -----    -----      -----    -----
  +--> ?PR?_ISLBT?RADIO_TX

?PR?RADIO_DECODERX?RADIO_DECODERX                -----    -----      003FH    000BH      -----    -----
  +--> ?PR?RADIO_DECODERX
  +--> ?CO?PROC_CRC8

BL51 BANKED LINKER/LOCATER V6.22                                                      06/05/2014  10:05:02  PAGE 8


?PR?RADIO_CONVERTTEL?RADIO_CONVERTTEL            -----    -----      003EH    0006H      -----    -----
  +--> ?PR?RADIO_CONVERTTEL

?PR?RADIO_CHECKSUB?RADIO_CHECKSUB                -----    -----      0033H    0005H      -----    -----
  +--> ?PR?RADIO_CHECKSUB
  +--> ?PR?_DBG_SAVESUBTELINFO?DBG_SAVESUBTE...
  +--> ?PR?_REP_CHECKREP?REP_CHECKREP

?PR?_DBG_SAVESUBTELINFO?DBG_SAVESUBTE...         -----    -----      -----    -----      03ABH    0002H

?PR?_REP_CHECKREP?REP_CHECKREP                   -----    -----      0038H    0002H      03ABH    0001H
  +--> ?PR?_MISC_ISLOCALID?MISC_INFAREA
  +--> ?PR?_RADIO_SUBTELTIMING?RADIO_SUBTELT...

*** NEW ROOT ***************************************************

?PR?ISR_RADIORX?ISR_RADIORX                      0026H.6  0000H.1    -----    -----      -----    -----
  +--> ?PR?_APBBR_READ_DATA_C?APBBR_READ_DATA_C
  +--> ?PR?RX_BUFF_FILLED?ISR_RADIORX

?PR?RX_BUFF_FILLED?ISR_RADIORX                   -----    -----      -----    -----      -----    -----
  +--> ?PR?RADIO_RX?RADIO_RX
  +--> ?PR?RADIO_DECODERX?RADIO_DECODERX
  +--> ?PR?RADIO_CONVERTTEL?RADIO_CONVERTTEL

?PR?RADIO_RX?RADIO_RX                            -----    -----      003EH    0001H      -----    -----
  +--> ?PR?_APBBR_READ_DATA_I?APBBR_READ_DATA_I
  +--> ?PR?_RADIO_RSSITODBM_ASM?RADIO_RSSITO...
  +--> ?PR?RADIO_RX
  +--> ?PR?RADIO_DECODERX?RADIO_DECODERX

?PR?_RADIO_RSSITODBM_ASM?RADIO_RSSITO...         -----    -----      -----    -----      -----    -----
  +--> ?PR?_RADIO_INIT_ASM?RADIO_INIT_ASM

*** NEW ROOT ***************************************************

?PR?ISR_RADIOTX?ISR_RADIOTX                      0026H.7  0000H.1    -----    -----      -----    -----



SYMBOL TABLE OF MODULE:  .\Output\RadioToSerial_868 (MAIN)

  VALUE           TYPE          NAME
  ----------------------------------

  -------         MODULE        MAIN
  C:0000H         SYMBOL        _ICE_DUMMY_
  X:0000H         PUBLIC        ID_ADDR
  C:2BCAH         PUBLIC        _blinkledA
  C:2C08H         PUBLIC        _blinkledB
  C:0009H         PUBLIC        Write_info_flash
  X:0028H         PUBLIC        control_line
  X:0029H         PUBLIC        learn_mode
  C:2F0DH         PUBLIC        main
  X:002AH         PUBLIC        Line_A
  X:011AH         PUBLIC        btnClean
  X:012AH         PUBLIC        Line_B
BL51 BANKED LINKER/LOCATER V6.22                                                      06/05/2014  10:05:02  PAGE 9


  X:021AH         PUBLIC        btnLearn
  C:111DH         PUBLIC        Learn_mode_function
  C:2327H         PUBLIC        Mode_Control
  X:022AH         PUBLIC        Switch_AB
  X:022BH         PUBLIC        btnQuit
  X:023BH         PUBLIC        A_IO_num
  C:2C46H         PUBLIC        VERSION_APP
  C:21A3H         PUBLIC        _btn_getState
  X:023CH         PUBLIC        B_IO_num
  C:16B6H         PUBLIC        Work_function
  X:023DH         PUBLIC        key_learn_num
  C:279DH         PUBLIC        _testled
  C:1B4DH         SYMBOL        Com009E
  C:1B4DH         SYMBOL        L?0159
  C:1B51H         SYMBOL        L?0160
  C:1B6FH         SYMBOL        L?0161
  C:1B7AH         SYMBOL        L?0162
  C:1B7AH         SYMBOL        L?0163
  C:1B8DH         SYMBOL        L?0164
  C:1B99H         SYMBOL        L?0165
  C:1B99H         SYMBOL        L?0166
  C:1BA2H         SYMBOL        L?0169
  C:1BA9H         SYMBOL        L?0170
  C:1BB4H         SYMBOL        L?0171
  C:1BC3H         SYMBOL        L?0172
  C:1BC4H         SYMBOL        L?0173
  C:1BD3H         SYMBOL        L?0175
  C:1BD3H         SYMBOL        L?0176
  C:1BDEH         SYMBOL        L?0177
  C:1BDEH         SYMBOL        L?0178
  C:1BE9H         SYMBOL        L?0180
  C:1BE9H         SYMBOL        L?0181
  C:1BF3H         SYMBOL        L?0183
  C:1BF3H         SYMBOL        L?0184
  C:1BFBH         SYMBOL        L?0185
  C:1BFBH         SYMBOL        L?0186
  C:1C03H         SYMBOL        L?0187
  C:1C03H         SYMBOL        L?0188
  C:1C0BH         SYMBOL        L?0189
  C:1C0BH         SYMBOL        L?0190
  C:1C13H         SYMBOL        L?0191
  C:1C13H         SYMBOL        L?0192
  C:1C1BH         SYMBOL        L?0193
  C:1C1BH         SYMBOL        L?0194
  C:1C23H         SYMBOL        L?0195
  C:1C23H         SYMBOL        L?0196
  C:1C2BH         SYMBOL        L?0197
  C:1C2BH         SYMBOL        L?0198
  C:1C33H         SYMBOL        L?0199
  C:1C33H         SYMBOL        L?0200
  C:1C3BH         SYMBOL        L?0202
  C:1C3BH         SYMBOL        L?0203
  C:1C43H         SYMBOL        L?0204
  C:1C50H         SYMBOL        L?0205
  C:1C5DH         SYMBOL        L?0207
  C:1C5DH         SYMBOL        L?0208
  C:1C65H         SYMBOL        L?0209
BL51 BANKED LINKER/LOCATER V6.22                                                      06/05/2014  10:05:02  PAGE 10


  C:1C66H         SYMBOL        L?0210
  C:1C6CH         SYMBOL        L?0211
  C:1C6CH         SYMBOL        L?0212
  C:1C73H         SYMBOL        L?0213
  C:1C7DH         SYMBOL        L?0214
  -------         PROC          COM009E
  -------         ENDPROC       COM009E
  -------         PROC          _BTN_GETSTATE
  X:037FH         SYMBOL        pBtn
  -------         DO            
  C:2C62H         SYMBOL        transition_table
  X:0382H         SYMBOL        u8Input
  -------         ENDDO         
  C:21A3H         LINE#         61
  C:21AEH         LINE#         62
  C:21AEH         LINE#         73
  C:21BBH         LINE#         74
  C:21D8H         LINE#         76
  C:21F3H         LINE#         78
  C:2225H         LINE#         80
  C:2230H         LINE#         81
  C:2230H         LINE#         82
  C:2230H         LINE#         83
  C:2240H         LINE#         84
  C:2242H         LINE#         85
  C:2242H         LINE#         86
  C:2262H         LINE#         87
  C:2262H         LINE#         88
  C:2262H         LINE#         89
  C:2269H         LINE#         90
  -------         ENDPROC       _BTN_GETSTATE
  C:2BE3H         SYMBOL        L?0167
  -------         PROC          _BLINKLEDA
  X:039EH         SYMBOL        led_1
  C:2BCAH         LINE#         114
  C:2BD2H         LINE#         115
  C:2BD2H         LINE#         116
  C:2BD2H         LINE#         117
  C:2BD2H         LINE#         118
  C:2BD2H         LINE#         119
  C:2BD5H         LINE#         120
  C:2BD5H         LINE#         121
  C:2BD5H         LINE#         122
  C:2BD5H         LINE#         123
  C:2BD8H         LINE#         124
  C:2BE3H         LINE#         125
  -------         ENDPROC       _BLINKLEDA
  C:2C21H         SYMBOL        L?0168
  -------         PROC          _BLINKLEDB
  X:039EH         SYMBOL        led_2
  C:2C08H         LINE#         127
  C:2C10H         LINE#         128
  C:2C10H         LINE#         129
  C:2C10H         LINE#         130
  C:2C10H         LINE#         131
  C:2C10H         LINE#         132
  C:2C13H         LINE#         133
BL51 BANKED LINKER/LOCATER V6.22                                                      06/05/2014  10:05:02  PAGE 11


  C:2C13H         LINE#         134
  C:2C13H         LINE#         135
  C:2C13H         LINE#         136
  C:2C16H         LINE#         137
  C:2C21H         LINE#         138
  -------         ENDPROC       _BLINKLEDB
  C:27F4H         SYMBOL        L?0201
  -------         PROC          _TESTLED
  X:03ECH         SYMBOL        jj
  -------         DO            
  X:03EEH         SYMBOL        num
  -------         ENDDO         
  C:279DH         LINE#         141
  C:27A5H         LINE#         142
  C:27A5H         LINE#         143
  C:27AAH         LINE#         144
  C:27CBH         LINE#         145
  C:27CBH         LINE#         146
  C:27D2H         LINE#         147
  C:27D4H         LINE#         148
  C:27D7H         LINE#         149
  C:27DEH         LINE#         150
  C:27E0H         LINE#         151
  C:27E3H         LINE#         152
  C:27F3H         LINE#         153
  -------         ENDPROC       _TESTLED
  -------         PROC          WRITE_INFO_FLASH
  C:0009H         LINE#         157
  C:0009H         LINE#         158
  C:0009H         LINE#         161
  -------         ENDPROC       WRITE_INFO_FLASH
  C:239EH         SYMBOL        L?0174
  C:23B4H         SYMBOL        L?0182
  C:23C9H         SYMBOL        L?0206
  -------         PROC          MODE_CONTROL
  C:2327H         LINE#         165
  C:2327H         LINE#         166
  C:2327H         LINE#         167
  C:2335H         LINE#         168
  C:2335H         LINE#         169
  C:233CH         LINE#         170
  C:233CH         LINE#         171
  C:233EH         LINE#         172
  C:2341H         LINE#         173
  C:2347H         LINE#         174
  C:234BH         LINE#         175
  C:234BH         LINE#         177
  C:2352H         LINE#         178
  C:2352H         LINE#         179
  C:2354H         LINE#         180
  C:2354H         LINE#         181
  C:2354H         LINE#         182
  C:2359H         LINE#         183
  C:2359H         LINE#         185
  C:2360H         LINE#         186
  C:2360H         LINE#         187
  C:2362H         LINE#         188
BL51 BANKED LINKER/LOCATER V6.22                                                      06/05/2014  10:05:02  PAGE 12


  C:2362H         LINE#         189
  C:2362H         LINE#         190
  C:2368H         LINE#         191
  C:2368H         LINE#         193
  C:236EH         LINE#         194
  C:2374H         LINE#         195
  C:2374H         LINE#         196
  C:2377H         LINE#         197
  C:2377H         LINE#         198
  C:2377H         LINE#         200
  C:2383H         LINE#         201
  C:2383H         LINE#         202
  C:2385H         LINE#         203
  C:2388H         LINE#         204
  C:2388H         LINE#         205
  C:2388H         LINE#         206
  C:2388H         LINE#         207
  C:238BH         LINE#         208
  C:238BH         LINE#         210
  C:2397H         LINE#         211
  C:2397H         LINE#         212
  C:2397H         LINE#         213
  C:2397H         LINE#         214
  C:2397H         LINE#         215
  C:239AH         LINE#         218
  C:239DH         LINE#         222
  C:239DH         LINE#         223
  -------         ENDPROC       MODE_CONTROL
  C:1344H         SYMBOL        L?0179
  -------         PROC          LEARN_MODE_FUNCTION
  -------         DO            
  X:037FH         SYMBOL        A_find_new_PTM200
  X:0380H         SYMBOL        B_find_new_PTM200
  -------         DO            
  X:0381H         SYMBOL        i
  X:0382H         SYMBOL        learn_RT1
  X:0398H         SYMBOL        pTelIn1
  -------         ENDDO         
  -------         ENDDO         
  C:111DH         LINE#         226
  C:111DH         LINE#         227
  C:111DH         LINE#         228
  C:1123H         LINE#         229
  C:1125H         LINE#         230
  C:1130H         LINE#         231
  C:1130H         LINE#         232
  C:1133H         LINE#         244
  C:114AH         LINE#         245
  C:114AH         LINE#         246
  C:1162H         LINE#         247
  C:1162H         LINE#         248
  C:1162H         LINE#         249
  C:1171H         LINE#         250
  C:1171H         LINE#         251
  C:117AH         LINE#         252
  C:117AH         LINE#         253
  C:1183H         LINE#         254
BL51 BANKED LINKER/LOCATER V6.22                                                      06/05/2014  10:05:02  PAGE 13


  C:1183H         LINE#         255
  C:1189H         LINE#         256
  C:118FH         LINE#         257
  C:118FH         LINE#         258
  C:1191H         LINE#         259
  C:1191H         LINE#         260
  C:119BH         LINE#         261
  C:119BH         LINE#         262
  C:11A1H         LINE#         263
  C:11A7H         LINE#         264
  C:11AAH         LINE#         265
  C:11ACH         LINE#         266
  C:11ACH         LINE#         268
  C:11ACH         LINE#         269
  C:11ACH         LINE#         270
  C:11ACH         LINE#         273
  C:11ACH         LINE#         275
  C:11B5H         LINE#         276
  C:11BDH         LINE#         277
  C:11BDH         LINE#         278
  C:11C7H         LINE#         279
  C:11C7H         LINE#         280
  C:11CAH         LINE#         281
  C:11CDH         LINE#         282
  C:11D3H         LINE#         283
  C:11D3H         LINE#         284
  C:11D5H         LINE#         285
  C:11E2H         LINE#         286
  C:11E2H         LINE#         287
  C:11E5H         LINE#         288
  C:11EBH         LINE#         289
  C:11F1H         LINE#         290
  C:11F4H         LINE#         291
  C:11F4H         LINE#         293
  C:11F4H         LINE#         294
  C:11F4H         LINE#         295
  C:11F4H         LINE#         296
  C:11FCH         LINE#         297
  C:11FCH         LINE#         298
  C:11FEH         LINE#         299
  C:11FFH         LINE#         300
  C:1210H         LINE#         301
  C:1210H         LINE#         302
  C:1213H         LINE#         303
  C:1213H         LINE#         304
  C:1216H         LINE#         305
  C:1216H         LINE#         307
  C:1216H         LINE#         309
  C:1216H         LINE#         310
  C:1225H         LINE#         311
  C:1225H         LINE#         312
  C:122DH         LINE#         313
  C:122DH         LINE#         314
  C:1236H         LINE#         315
  C:1236H         LINE#         316
  C:123CH         LINE#         317
  C:1242H         LINE#         318
BL51 BANKED LINKER/LOCATER V6.22                                                      06/05/2014  10:05:02  PAGE 14


  C:1242H         LINE#         319
  C:1244H         LINE#         320
  C:1244H         LINE#         321
  C:124DH         LINE#         322
  C:124DH         LINE#         323
  C:1253H         LINE#         324
  C:1259H         LINE#         325
  C:125FH         LINE#         326
  C:1261H         LINE#         327
  C:1261H         LINE#         328
  C:1266H         LINE#         329
  C:1268H         LINE#         330
  C:1268H         LINE#         331
  C:1271H         LINE#         332
  C:1279H         LINE#         333
  C:1279H         LINE#         334
  C:1283H         LINE#         335
  C:1283H         LINE#         336
  C:1283H         LINE#         337
  C:1289H         LINE#         338
  C:128FH         LINE#         339
  C:128FH         LINE#         340
  C:1291H         LINE#         341
  C:129EH         LINE#         342
  C:129EH         LINE#         343
  C:129EH         LINE#         344
  C:12A4H         LINE#         345
  C:12AAH         LINE#         346
  C:12B0H         LINE#         347
  C:12B0H         LINE#         349
  C:12B0H         LINE#         350
  C:12B0H         LINE#         351
  C:12B0H         LINE#         352
  C:12B8H         LINE#         353
  C:12B8H         LINE#         354
  C:12BAH         LINE#         355
  C:12BBH         LINE#         356
  C:12C9H         LINE#         357
  C:12C9H         LINE#         358
  C:12CCH         LINE#         359
  C:12CCH         LINE#         360
  C:12CFH         LINE#         361
  C:12CFH         LINE#         363
  C:12CFH         LINE#         366
  C:12CFH         LINE#         367
  C:12D9H         LINE#         368
  C:12D9H         LINE#         369
  C:12DCH         LINE#         370
  C:12DFH         LINE#         371
  C:12E5H         LINE#         372
  C:12E5H         LINE#         373
  C:12EBH         LINE#         374
  C:12F1H         LINE#         375
  C:12F7H         LINE#         376
  C:12F7H         LINE#         377
  C:1301H         LINE#         378
  C:1301H         LINE#         379
BL51 BANKED LINKER/LOCATER V6.22                                                      06/05/2014  10:05:02  PAGE 15


  C:1304H         LINE#         380
  C:130AH         LINE#         381
  C:1310H         LINE#         382
  C:1310H         LINE#         383
  C:1316H         LINE#         384
  C:131CH         LINE#         385
  C:1322H         LINE#         386
  C:1322H         LINE#         388
  C:1329H         LINE#         389
  C:1329H         LINE#         390
  C:132BH         LINE#         391
  C:132DH         LINE#         393
  C:132DH         LINE#         394
  C:1333H         LINE#         395
  C:1333H         LINE#         397
  C:133AH         LINE#         398
  C:133AH         LINE#         399
  C:133CH         LINE#         400
  C:133DH         LINE#         402
  C:133DH         LINE#         403
  C:1343H         LINE#         404
  C:1343H         LINE#         405
  C:1343H         LINE#         407
  C:1343H         LINE#         409
  C:1343H         LINE#         411
  C:1343H         LINE#         412
  C:1343H         LINE#         413
  -------         ENDPROC       LEARN_MODE_FUNCTION
  -------         PROC          WORK_FUNCTION
  -------         DO            
  X:037FH         SYMBOL        j
  X:0380H         SYMBOL        learn_RT2
  X:0396H         SYMBOL        pTelIn2
  -------         ENDDO         
  C:16B6H         LINE#         416
  C:16B6H         LINE#         417
  C:16B6H         LINE#         418
  C:16BFH         LINE#         419
  C:16BFH         LINE#         420
  C:16C2H         LINE#         432
  C:16D9H         LINE#         433
  C:16D9H         LINE#         434
  C:16EAH         LINE#         435
  C:16EAH         LINE#         436
  C:16FCH         LINE#         437
  C:16FCH         LINE#         438
  C:1704H         LINE#         439
  C:1704H         LINE#         440
  C:1710H         LINE#         441
  C:1710H         LINE#         443
  C:1710H         LINE#         444
  C:1712H         LINE#         445
  C:1712H         LINE#         446
  C:171DH         LINE#         447
  C:171DH         LINE#         448
  C:1720H         LINE#         449
  C:1720H         LINE#         451
BL51 BANKED LINKER/LOCATER V6.22                                                      06/05/2014  10:05:02  PAGE 16


  C:1720H         LINE#         452
  C:1720H         LINE#         453
  C:1720H         LINE#         454
  C:1720H         LINE#         455
  C:1728H         LINE#         456
  C:1728H         LINE#         457
  C:1733H         LINE#         458
  C:1733H         LINE#         460
  C:1733H         LINE#         461
  C:1735H         LINE#         462
  C:1735H         LINE#         463
  C:1740H         LINE#         464
  C:1740H         LINE#         465
  C:1742H         LINE#         466
  C:1742H         LINE#         468
  C:1742H         LINE#         469
  C:1742H         LINE#         470
  C:1742H         LINE#         471
  C:1742H         LINE#         472
  C:174AH         LINE#         473
  C:174AH         LINE#         474
  C:1756H         LINE#         475
  C:1756H         LINE#         477
  C:1758H         LINE#         478
  C:175AH         LINE#         479
  C:175AH         LINE#         480
  C:1765H         LINE#         481
  C:1765H         LINE#         482
  C:1767H         LINE#         483
  C:1767H         LINE#         485
  C:1767H         LINE#         486
  C:1767H         LINE#         487
  C:1767H         LINE#         488
  C:1767H         LINE#         489
  C:176FH         LINE#         490
  C:176FH         LINE#         491
  C:177AH         LINE#         492
  C:177AH         LINE#         494
  C:1780H         LINE#         495
  C:1782H         LINE#         496
  C:1782H         LINE#         497
  C:178EH         LINE#         498
  C:178EH         LINE#         499
  C:1790H         LINE#         500
  C:1790H         LINE#         502
  C:1790H         LINE#         503
  C:1790H         LINE#         504
  C:1790H         LINE#         505
  C:1790H         LINE#         507
  C:1790H         LINE#         508
  C:1790H         LINE#         509
  C:1790H         LINE#         510
  C:1790H         LINE#         511
  C:1799H         LINE#         513
  C:17ABH         LINE#         514
  C:17ABH         LINE#         515
  C:17BDH         LINE#         516
BL51 BANKED LINKER/LOCATER V6.22                                                      06/05/2014  10:05:02  PAGE 17


  C:17BDH         LINE#         517
  C:17C5H         LINE#         518
  C:17C5H         LINE#         519
  C:17D1H         LINE#         520
  C:17D1H         LINE#         522
  C:17D1H         LINE#         523
  C:17D3H         LINE#         524
  C:17D3H         LINE#         525
  C:17DEH         LINE#         526
  C:17DEH         LINE#         527
  C:17DFH         LINE#         528
  C:17DFH         LINE#         530
  C:17DFH         LINE#         531
  C:17DFH         LINE#         532
  C:17DFH         LINE#         533
  C:17DFH         LINE#         534
  C:17E7H         LINE#         535
  C:17E7H         LINE#         536
  C:17F2H         LINE#         537
  C:17F2H         LINE#         539
  C:17F2H         LINE#         540
  C:17F4H         LINE#         541
  C:17F4H         LINE#         542
  C:17FFH         LINE#         543
  C:17FFH         LINE#         544
  C:1800H         LINE#         545
  C:1800H         LINE#         547
  C:1800H         LINE#         548
  C:1800H         LINE#         549
  C:1800H         LINE#         550
  C:1800H         LINE#         551
  C:1808H         LINE#         552
  C:1808H         LINE#         553
  C:1814H         LINE#         554
  C:1814H         LINE#         556
  C:1816H         LINE#         557
  C:1818H         LINE#         558
  C:1818H         LINE#         559
  C:1823H         LINE#         560
  C:1823H         LINE#         561
  C:1824H         LINE#         562
  C:1824H         LINE#         564
  C:1824H         LINE#         565
  C:1824H         LINE#         566
  C:1824H         LINE#         567
  C:1824H         LINE#         568
  C:182CH         LINE#         569
  C:182CH         LINE#         570
  C:1837H         LINE#         571
  C:1837H         LINE#         573
  C:183DH         LINE#         574
  C:183DH         LINE#         575
  C:183DH         LINE#         576
  C:1849H         LINE#         577
  C:1849H         LINE#         578
  C:184AH         LINE#         579
  C:184AH         LINE#         581
BL51 BANKED LINKER/LOCATER V6.22                                                      06/05/2014  10:05:02  PAGE 18


  C:184AH         LINE#         582
  C:184AH         LINE#         583
  C:184AH         LINE#         584
  C:184AH         LINE#         586
  C:184AH         LINE#         587
  C:184AH         LINE#         588
  C:184AH         LINE#         589
  C:184AH         LINE#         590
  C:1853H         LINE#         594
  C:1853H         LINE#         595
  C:1853H         LINE#         596
  -------         ENDPROC       WORK_FUNCTION
  -------         PROC          MAIN
  C:2F0DH         LINE#         599
  C:2F0DH         LINE#         600
  C:2F0DH         LINE#         601
  C:2F10H         LINE#         603
  C:2F15H         LINE#         605
  C:2F15H         LINE#         606
  C:2F15H         LINE#         607
  C:2F1AH         LINE#         609
  C:2F1DH         LINE#         611
  C:2F20H         LINE#         613
  C:2F23H         LINE#         615
  -------         ENDPROC       MAIN
  -------         ENDMOD        MAIN

  -------         MODULE        ?C_STARTUP
  C:25AAH         SEGMENT       ?C_C51STARTUP
  I:0094H         SEGMENT       ?STACK
  C:0000H         PUBLIC        ?C_STARTUP
  D:00E0H         SYMBOL        ACC
  D:00F0H         SYMBOL        B
  D:0083H         SYMBOL        DPH
  D:0082H         SYMBOL        DPL
  N:0000H         SYMBOL        IBPSTACK
  N:0100H         SYMBOL        IBPSTACKTOP
  N:0000H         SYMBOL        IDATALEN
  N:0000H         SYMBOL        PBPSTACK
  N:0100H         SYMBOL        PBPSTACKTOP
  N:0000H         SYMBOL        PDATALEN
  N:0000H         SYMBOL        PDATASTART
  N:0000H         SYMBOL        PPAGE
  N:0000H         SYMBOL        PPAGEENABLE
  D:00A0H         SYMBOL        PPAGE_SFR
  D:0081H         SYMBOL        SP
  C:25AAH         SYMBOL        STARTUP1
  N:0000H         SYMBOL        XBPSTACK
  N:0000H         SYMBOL        XBPSTACKTOP
  N:0000H         SYMBOL        XDATALEN
  N:0000H         SYMBOL        XDATASTART
  C:0000H         LINE#         130
  C:25AAH         LINE#         189
  C:25ADH         LINE#         202
  C:25B0H         LINE#         203
  -------         ENDMOD        ?C_STARTUP

BL51 BANKED LINKER/LOCATER V6.22                                                      06/05/2014  10:05:02  PAGE 19


  -------         MODULE        EO3000I_CFG
  C:0000H         SYMBOL        _ICE_DUMMY_
  X:023EH         PUBLIC        filter_param
  I:004EH         PUBLIC        u8gFlags
  I:0058H         PUBLIC        u8gRadioBuffsBytes
  X:0240H         PUBLIC        u8gRadioBuff
  X:0312H         PUBLIC        u8gFilterCfg
  I:0062H         PUBLIC        u8gRadioBuffsTimeStamp
  X:0313H         PUBLIC        u32gFilterValue
  C:2FF0H         PUBLIC        startupInit
  I:006CH         PUBLIC        u8gTxRadioBuffsTimeToSend
  C:2EC1H         PUBLIC        mainInit
  X:0317H         PUBLIC        u8gRadioBuffTXState
  I:0076H         PUBLIC        u8gRadioBuffsRxSubtel
  I:0080H         PUBLIC        u8gRadioBuffsTxSubtel
  C:2FFEH         PUBLIC        io_param
  X:0321H         PUBLIC        u8gRxRadioBuffsDbm
  X:032BH         PUBLIC        u8gDutyTimeSlots
  -------         PROC          STARTUPINIT
  C:2FF0H         LINE#         8
  C:2FF0H         LINE#         9
  C:2FF0H         LINE#         10
  C:2FF5H         LINE#         11
  -------         ENDPROC       STARTUPINIT
  -------         PROC          MAININIT
  C:2EC1H         LINE#         16
  C:2EC1H         LINE#         17
  C:2EC1H         LINE#         18
  C:2EC6H         LINE#         19
  C:2ECDH         LINE#         20
  C:2ED2H         LINE#         21
  C:2ED5H         LINE#         22
  C:2ED8H         LINE#         23
  -------         ENDPROC       MAININIT
  -------         ENDMOD        EO3000I_CFG

  -------         MODULE        TCM320_868MHZ_4DBM_1V51_DA
  C:300CH         SEGMENT       ?CO?RADIO_INIT
  C:19D9H         SEGMENT       ?PR?_RADIO_INIT_ASM?RADIO_INIT_ASM
  C:19D9H         PUBLIC        U8RSSICALIB
  C:19E9H         PUBLIC        _RADIO_INIT_ASM
  C:19F2H         SYMBOL        ONLY_SEND_JLCC
  C:19F0H         SYMBOL        RADIO_INIT
  C:19F5H         SYMBOL        RADIO_INIT_CHAINS
  C:1B1CH         SYMBOL        SEND_ANALOG0_CHAIN
  C:1AF4H         SYMBOL        SEND_JLCC_CHAIN
  C:300CH         SYMBOL        TABLE
  C:19E9H         LINE#         35
  C:19EAH         LINE#         36
  C:19EDH         LINE#         37
  C:19F0H         LINE#         40
  C:19F2H         LINE#         43
  C:19F5H         LINE#         47
  C:19F8H         LINE#         49
  C:19FBH         LINE#         51
  C:19FEH         LINE#         53
  C:1A01H         LINE#         54
BL51 BANKED LINKER/LOCATER V6.22                                                      06/05/2014  10:05:02  PAGE 20


  C:1A04H         LINE#         55
  C:1A07H         LINE#         56
  C:1A0AH         LINE#         57
  C:1A0DH         LINE#         58
  C:1A10H         LINE#         59
  C:1A13H         LINE#         61
  C:1A16H         LINE#         62
  C:1A19H         LINE#         64
  C:1A1CH         LINE#         65
  C:1A1FH         LINE#         67
  C:1A22H         LINE#         68
  C:1A25H         LINE#         70
  C:1A28H         LINE#         71
  C:1A2BH         LINE#         72
  C:1A2EH         LINE#         74
  C:1A31H         LINE#         75
  C:1A34H         LINE#         76
  C:1A37H         LINE#         77
  C:1A3AH         LINE#         79
  C:1A3DH         LINE#         80
  C:1A40H         LINE#         81
  C:1A43H         LINE#         82
  C:1A46H         LINE#         84
  C:1A49H         LINE#         85
  C:1A4CH         LINE#         86
  C:1A4FH         LINE#         88
  C:1A52H         LINE#         89
  C:1A55H         LINE#         91
  C:1A58H         LINE#         92
  C:1A5BH         LINE#         93
  C:1A5EH         LINE#         94
  C:1A61H         LINE#         95
  C:1A64H         LINE#         96
  C:1A67H         LINE#         97
  C:1A6AH         LINE#         99
  C:1A6DH         LINE#         100
  C:1A70H         LINE#         101
  C:1A73H         LINE#         102
  C:1A76H         LINE#         103
  C:1A79H         LINE#         104
  C:1A7CH         LINE#         106
  C:1A7FH         LINE#         107
  C:1A82H         LINE#         108
  C:1A85H         LINE#         109
  C:1A88H         LINE#         110
  C:1A8BH         LINE#         111
  C:1A8EH         LINE#         113
  C:1A91H         LINE#         114
  C:1A94H         LINE#         116
  C:1A97H         LINE#         117
  C:1A9AH         LINE#         119
  C:1A9DH         LINE#         120
  C:1AA0H         LINE#         122
  C:1AA3H         LINE#         123
  C:1AA6H         LINE#         124
  C:1AA9H         LINE#         126
  C:1AACH         LINE#         127
BL51 BANKED LINKER/LOCATER V6.22                                                      06/05/2014  10:05:02  PAGE 21


  C:1AAFH         LINE#         129
  C:1AB2H         LINE#         130
  C:1AB5H         LINE#         131
  C:1AB8H         LINE#         132
  C:1ABBH         LINE#         134
  C:1ABEH         LINE#         135
  C:1AC1H         LINE#         136
  C:1AC4H         LINE#         137
  C:1AC7H         LINE#         139
  C:1ACAH         LINE#         140
  C:1ACDH         LINE#         141
  C:1AD0H         LINE#         142
  C:1AD3H         LINE#         144
  C:1AD6H         LINE#         145
  C:1AD9H         LINE#         146
  C:1ADCH         LINE#         147
  C:1ADFH         LINE#         148
  C:1AE2H         LINE#         150
  C:1AE5H         LINE#         151
  C:1AE8H         LINE#         152
  C:1AEBH         LINE#         153
  C:1AEEH         LINE#         154
  C:1AF1H         LINE#         155
  C:1AF4H         LINE#         158
  C:1AF7H         LINE#         159
  C:1AFAH         LINE#         160
  C:1AFDH         LINE#         161
  C:1B00H         LINE#         162
  C:1B03H         LINE#         163
  C:1B06H         LINE#         164
  C:1B09H         LINE#         166
  C:1B0CH         LINE#         167
  C:1B0FH         LINE#         169
  C:1B12H         LINE#         170
  C:1B15H         LINE#         172
  C:1B18H         LINE#         173
  C:1B1BH         LINE#         174
  C:1B1CH         LINE#         179
  C:1B1FH         LINE#         180
  C:1B22H         LINE#         181
  C:1B25H         LINE#         182
  C:1B28H         LINE#         183
  C:1B2BH         LINE#         184
  C:1B2EH         LINE#         185
  C:1B31H         LINE#         187
  C:1B34H         LINE#         188
  C:1B37H         LINE#         189
  C:1B3AH         LINE#         190
  C:1B3DH         LINE#         191
  C:1B40H         LINE#         192
  C:1B43H         LINE#         194
  C:1B46H         LINE#         195
  C:1B49H         LINE#         196
  C:1B4CH         LINE#         197
  -------         ENDMOD        TCM320_868MHZ_4DBM_1V51_DA

  -------         MODULE        ?C?CLDPTR
BL51 BANKED LINKER/LOCATER V6.22                                                      06/05/2014  10:05:02  PAGE 22


  C:0036H         PUBLIC        ?C?CLDPTR
  -------         ENDMOD        ?C?CLDPTR

  -------         MODULE        ?C?CLDOPTR
  C:004FH         PUBLIC        ?C?CLDOPTR
  -------         ENDMOD        ?C?CLDOPTR

  -------         MODULE        ?C?CSTOPTR
  C:007CH         PUBLIC        ?C?CSTOPTR
  -------         ENDMOD        ?C?CSTOPTR

  -------         MODULE        ?C?ILDOPTR
  C:009EH         PUBLIC        ?C?ILDOPTR
  -------         ENDMOD        ?C?ILDOPTR

  -------         MODULE        ?C?ULCMP
  C:00D6H         PUBLIC        ?C?ULCMP
  -------         ENDMOD        ?C?ULCMP

  -------         MODULE        ?C?LSTXDATA
  C:00E7H         PUBLIC        ?C?LSTXDATA
  -------         ENDMOD        ?C?LSTXDATA

  -------         MODULE        IO_GETDIGITAL
  C:0000H         SYMBOL        _ICE_DUMMY_
  D:00A1H         PUBLIC        gpio0_dir
  D:00A9H         PUBLIC        gpio1_dir
  D:00D1H         PUBLIC        gpio2_dir
  C:29A0H         PUBLIC        _io_getDigital
  D:00C8H         PUBLIC        gpio0
  D:00E8H         PUBLIC        gpio1
  D:00F8H         PUBLIC        gpio2
  -------         PROC          _IO_GETDIGITAL
  D:0007H         SYMBOL        u8Pin
  D:0001H         SYMBOL        pu8Value
  C:29A0H         LINE#         46
  C:29A0H         LINE#         47
  C:29A0H         LINE#         50
  C:29A6H         LINE#         51
  C:29A6H         LINE#         52
  C:29ABH         LINE#         53
  C:29ABH         LINE#         54
  C:29B1H         LINE#         55
  C:29B3H         LINE#         60
  C:29B3H         LINE#         61
  C:29B8H         LINE#         62
  C:29BAH         LINE#         64
  C:29BAH         LINE#         65
  C:29BCH         LINE#         67
  C:29BCH         LINE#         70
  C:29C2H         LINE#         71
  C:29C2H         LINE#         72
  C:29C6H         LINE#         73
  C:29CAH         LINE#         74
  C:29CAH         LINE#         75
  C:29D0H         LINE#         76
  C:29D2H         LINE#         78
BL51 BANKED LINKER/LOCATER V6.22                                                      06/05/2014  10:05:02  PAGE 23


  C:29D2H         LINE#         79
  C:29D4H         LINE#         81
  C:29D4H         LINE#         82
  C:29D9H         LINE#         83
  C:29DBH         LINE#         85
  C:29DBH         LINE#         86
  C:29DDH         LINE#         88
  C:29DDH         LINE#         92
  C:29E1H         LINE#         93
  C:29E5H         LINE#         94
  C:29E5H         LINE#         95
  C:29EBH         LINE#         96
  C:29EDH         LINE#         98
  C:29EDH         LINE#         99
  C:29EFH         LINE#         101
  C:29EFH         LINE#         102
  C:29F4H         LINE#         103
  C:29F8H         LINE#         105
  C:29FCH         LINE#         106
  C:29FCH         LINE#         107
  -------         ENDPROC       _IO_GETDIGITAL
  -------         ENDMOD        IO_GETDIGITAL

  -------         MODULE        IO_INIT
  C:0000H         SYMBOL        _ICE_DUMMY_
  X:03E6H         PUBLIC        u8gApp_atb0
  D:00CCH         PUBLIC        gpio1_dig_conf
  X:03E7H         PUBLIC        u8gApp_atb1
  D:00BFH         PUBLIC        gpio1_pull
  D:00A1H         PUBLIC        gpio0_dir
  D:00A9H         PUBLIC        gpio1_dir
  D:00D1H         PUBLIC        gpio2_dir
  D:00BDH         PUBLIC        gpio0_pull_conf
  X:03E8H         PUBLIC        u8gLastSignal
  X:03E9H         PUBLIC        s16gRVSS
  D:00BEH         PUBLIC        gpio1_an
  B:0027H.7       PUBLIC        bgIoExtIRQ
  D:00CFH         PUBLIC        gpio_conf
  I:001DH         PUBLIC        u8gGPIO0Shadow
  D:00C8H         PUBLIC        gpio0
  I:001EH         PUBLIC        u8gGPIO1Shadow
  D:00E8H         PUBLIC        gpio1
  I:001FH         PUBLIC        u8gGPIO2Shadow
  D:00F8H         PUBLIC        gpio2
  D:00AEH         PUBLIC        ige_irq
  D:00A3H         PUBLIC        gpio0_conf
  D:00ABH         PUBLIC        gpio1_conf
  D:00D3H         PUBLIC        gpio2_conf
  C:2520H         PUBLIC        _io_init
  X:03EBH         PUBLIC        u8gAnalogMode
  -------         PROC          _IO_INIT
  D:0001H         SYMBOL        pu8Param
  C:2520H         LINE#         20
  C:2520H         LINE#         21
  C:2520H         LINE#         23
  C:2529H         LINE#         24
  C:2532H         LINE#         25
BL51 BANKED LINKER/LOCATER V6.22                                                      06/05/2014  10:05:02  PAGE 24


  C:253BH         LINE#         27
  C:2540H         LINE#         28
  C:2544H         LINE#         31
  C:254CH         LINE#         32
  C:2554H         LINE#         33
  C:255CH         LINE#         35
  C:2564H         LINE#         36
  C:256CH         LINE#         37
  C:2574H         LINE#         38
  C:257CH         LINE#         39
  C:2584H         LINE#         41
  C:258DH         LINE#         42
  C:2592H         LINE#         43
  C:259AH         LINE#         45
  C:259FH         LINE#         46
  C:25A1H         LINE#         49
  C:25A6H         LINE#         50
  C:25A9H         LINE#         51
  -------         ENDPROC       _IO_INIT
  -------         ENDMOD        IO_INIT

  -------         MODULE        IO_SETDIGITAL
  C:0000H         SYMBOL        _ICE_DUMMY_
  C:29FDH         PUBLIC        _io_setDigital
  D:00C8H         PUBLIC        gpio0
  D:00E8H         PUBLIC        gpio1
  D:00F8H         PUBLIC        gpio2
  -------         PROC          _IO_SETDIGITAL
  D:0007H         SYMBOL        u8Pin
  D:0005H         SYMBOL        u8Value
  C:29FDH         LINE#         47
  C:29FDH         LINE#         48
  C:29FDH         LINE#         51
  C:2A03H         LINE#         52
  C:2A03H         LINE#         53
  C:2A06H         LINE#         54
  C:2A0DH         LINE#         56
  C:2A13H         LINE#         58
  C:2A19H         LINE#         60
  C:2A19H         LINE#         63
  C:2A1FH         LINE#         64
  C:2A1FH         LINE#         65
  C:2A23H         LINE#         66
  C:2A26H         LINE#         67
  C:2A2DH         LINE#         69
  C:2A33H         LINE#         71
  C:2A39H         LINE#         73
  C:2A39H         LINE#         76
  C:2A3DH         LINE#         77
  C:2A40H         LINE#         78
  C:2A47H         LINE#         80
  C:2A4DH         LINE#         82
  C:2A52H         LINE#         83
  -------         ENDPROC       _IO_SETDIGITAL
  -------         ENDMOD        IO_SETDIGITAL

  -------         MODULE        ISR_TIMER0
BL51 BANKED LINKER/LOCATER V6.22                                                      06/05/2014  10:05:02  PAGE 25


  C:0000H         SYMBOL        _ICE_DUMMY_
  B:00A8H.1       PUBLIC        INT_TIMER0
  C:23D6H         SYMBOL        isr_timer0
  B:00A8H.7       PUBLIC        EA
  C:2DEAH         PUBLIC        isr_timer0Init
  B:0098H.1       PUBLIC        TI
  D:00F9H         PUBLIC        t0_ctrl
  D:00FAH         PUBLIC        t0_ccu
  D:00FCH         PUBLIC        t0_imr
  D:00F5H         PUBLIC        t0_cmp_lower
  D:00FBH         PUBLIC        t0_isr
  D:00F4H         PUBLIC        t0_cmp_upper
  -------         PROC          ISR_TIMER0INIT
  C:2DEAH         LINE#         34
  C:2DEAH         LINE#         35
  C:2DEAH         LINE#         36
  C:2DF0H         LINE#         37
  C:2DF8H         LINE#         38
  C:2DFBH         LINE#         39
  C:2DFEH         LINE#         40
  C:2E01H         LINE#         41
  C:2E0AH         LINE#         42
  C:2E0CH         LINE#         43
  C:2E0EH         LINE#         44
  -------         ENDPROC       ISR_TIMER0INIT
  -------         PROC          ISR_TIMER0
  -------         DO            
  B:0026H.3       SYMBOL        EA_OLD
  -------         DO            
  D:0032H         SYMBOL        u8Ret
  -------         ENDDO         
  -------         ENDDO         
  C:23D6H         LINE#         47
  C:23E3H         LINE#         49
  C:23E3H         LINE#         51
  C:23E9H         LINE#         54
  C:23EBH         LINE#         57
  C:23F4H         LINE#         58
  C:23F7H         LINE#         61
  C:23FCH         LINE#         62
  C:23FCH         LINE#         65
  C:2407H         LINE#         66
  C:2407H         LINE#         68
  C:240EH         LINE#         69
  C:240EH         LINE#         72
  C:2411H         LINE#         75
  C:242DH         LINE#         78
  C:242FH         LINE#         79
  C:2438H         LINE#         80
  C:2438H         LINE#         81
  C:2440H         LINE#         82
  C:2442H         LINE#         83
  C:2442H         LINE#         84
  C:2444H         LINE#         86
  C:2447H         LINE#         87
  C:2447H         LINE#         112
  C:244CH         LINE#         113
BL51 BANKED LINKER/LOCATER V6.22                                                      06/05/2014  10:05:02  PAGE 26


  C:244CH         LINE#         115
  C:244CH         LINE#         120
  C:2453H         LINE#         121
  C:2453H         LINE#         124
  C:2458H         LINE#         126
  C:245CH         LINE#         127
  C:245CH         LINE#         129
  C:2462H         LINE#         132
  C:2462H         LINE#         133
  C:2464H         LINE#         135
  C:2469H         LINE#         136
  C:2469H         LINE#         138
  C:246CH         LINE#         139
  C:246EH         LINE#         141
  C:2473H         LINE#         142
  C:2473H         LINE#         144
  C:2476H         LINE#         145
  C:2476H         LINE#         146
  C:2476H         LINE#         147
  C:2476H         LINE#         150
  C:247AH         LINE#         152
  -------         ENDPROC       ISR_TIMER0
  -------         ENDMOD        ISR_TIMER0

  -------         MODULE        MISC_INIT
  C:0000H         SYMBOL        _ICE_DUMMY_
  B:00A8H.7       PUBLIC        EA
  C:2EDBH         PUBLIC        VERSION
  B:0027H.3       PUBLIC        bgTimerIRQ
  B:0027H.4       PUBLIC        gbSchedullerRunning
  C:2D31H         PUBLIC        misc_init
  D:004AH         PUBLIC        ug32SystemTimer
  X:03B1H         PUBLIC        u8APIErrLog
  X:03D7H         PUBLIC        u8LogChks
  X:03D8H         PUBLIC        gu8WDTCapture
  C:3028H         SYMBOL        Com0002
  C:3028H         SYMBOL        L?0003
  -------         PROC          COM0002
  -------         ENDPROC       COM0002
  -------         PROC          MISC_INIT
  -------         DO            
  D:0029H         SYMBOL        u32id
  D:0006H         SYMBOL        u16seed
  -------         ENDDO         
  C:2D31H         LINE#         35
  C:2D31H         LINE#         36
  C:2D31H         LINE#         40
  C:2D3AH         LINE#         42
  C:2D3EH         LINE#         43
  C:2D44H         LINE#         44
  C:2D4AH         LINE#         45
  C:2D54H         LINE#         46
  C:2D5AH         LINE#         47
  C:2D62H         LINE#         52
  C:2D65H         LINE#         55
  C:2D67H         LINE#         60
  -------         ENDPROC       MISC_INIT
BL51 BANKED LINKER/LOCATER V6.22                                                      06/05/2014  10:05:02  PAGE 27


  -------         ENDMOD        MISC_INIT

  -------         MODULE        PWR_RESETSLEEPTIMER
  C:0000H         SYMBOL        _ICE_DUMMY_
  C:2485H         PUBLIC        _pwr_resetSleepTimer
  D:00D4H         PUBLIC        sys_status
  -------         PROC          _PWR_RESETSLEEPTIMER
  D:0007H         SYMBOL        timer
  C:2485H         LINE#         47
  C:2485H         LINE#         48
  C:2485H         LINE#         50
  C:2493H         LINE#         51
  C:2493H         LINE#         52
  C:2493H         LINE#         56
  C:2499H         LINE#         57
  C:249CH         LINE#         59
  C:24A7H         LINE#         60
  C:24AAH         LINE#         63
  C:24BAH         LINE#         65
  C:24BDH         LINE#         67
  C:24C0H         LINE#         68
  C:24C6H         LINE#         70
  C:24C8H         LINE#         72
  C:24C8H         LINE#         74
  C:24D9H         LINE#         77
  C:24E9H         LINE#         81
  C:24E9H         LINE#         83
  C:24FBH         LINE#         85
  C:250DH         LINE#         88
  C:251AH         LINE#         92
  C:251AH         LINE#         94
  C:251DH         LINE#         95
  C:251DH         LINE#         97
  C:251FH         LINE#         98
  -------         ENDPROC       _PWR_RESETSLEEPTIMER
  -------         ENDMOD        PWR_RESETSLEEPTIMER

  -------         MODULE        PWR_XTAL
  C:0000H         SYMBOL        _ICE_DUMMY_
  D:00DDH         PUBLIC        sys_irq
  D:00D5H         PUBLIC        sys_clk_ctrl
  X:03F3H         PUBLIC        u8gSysStatusBackup
  X:03F4H         PUBLIC        u8gSysIrqBackup
  C:26B5H         PUBLIC        _pwr_enableXTAL
  D:00DCH         PUBLIC        sys_mode
  D:00D4H         PUBLIC        sys_status
  D:00ADH         PUBLIC        isys_ie
  C:2AF3H         PUBLIC        pwr_selectXTAL
  -------         PROC          _PWR_ENABLEXTAL
  X:037FH         SYMBOL        u8Divider
  C:26B5H         LINE#         56
  C:26BAH         LINE#         57
  C:26BAH         LINE#         59
  C:26BDH         LINE#         61
  C:26CFH         LINE#         64
  C:26D2H         LINE#         66
  C:26D7H         LINE#         68
BL51 BANKED LINKER/LOCATER V6.22                                                      06/05/2014  10:05:02  PAGE 28


  C:26DAH         LINE#         70
  C:26E2H         LINE#         75
  C:270FH         LINE#         77
  C:271AH         LINE#         79
  C:2723H         LINE#         84
  C:2729H         LINE#         85
  C:272DH         LINE#         86
  -------         ENDPROC       _PWR_ENABLEXTAL
  -------         PROC          PWR_SELECTXTAL
  -------         DO            
  D:0007H         SYMBOL        u8Tmp
  -------         ENDDO         
  C:2AF3H         LINE#         89
  C:2AF3H         LINE#         90
  C:2AF3H         LINE#         94
  C:2AF9H         LINE#         98
  C:2AFCH         LINE#         99
  C:2AFFH         LINE#         101
  C:2B11H         LINE#         102
  C:2B11H         LINE#         104
  C:2B14H         LINE#         106
  C:2B17H         LINE#         108
  C:2B19H         LINE#         110
  C:2B1CH         LINE#         112
  C:2B1FH         LINE#         114
  C:2B21H         LINE#         116
  C:2B24H         LINE#         117
  C:2B24H         LINE#         119
  C:2B27H         LINE#         121
  C:2B39H         LINE#         123
  C:2B3CH         LINE#         125
  C:2B3FH         LINE#         126
  -------         ENDPROC       PWR_SELECTXTAL
  -------         ENDMOD        PWR_XTAL

  -------         MODULE        RADIO_ENABLERX
  C:0000H         SYMBOL        _ICE_DUMMY_
  D:00A4H         PUBLIC        irx_irq
  B:00A8H.7       PUBLIC        EA
  D:009EH         PUBLIC        fracn_channel_lo
  C:2A53H         PUBLIC        radio_enableRx
  D:00DCH         PUBLIC        sys_mode
  D:00D4H         PUBLIC        sys_status
  D:00DEH         PUBLIC        sys_ctrl
  D:009FH         PUBLIC        fracn_channel_hi
  -------         PROC          RADIO_ENABLERX
  B:0027H.5       SYMBOL        bEnable
  -------         DO            
  B:0027H.6       SYMBOL        EA_OLD
  -------         ENDDO         
  C:2A53H         LINE#         49
  C:2A53H         LINE#         50
  C:2A53H         LINE#         51
  C:2A53H         LINE#         53
  C:2A59H         LINE#         54
  C:2A5DH         LINE#         57
  C:2A60H         LINE#         58
BL51 BANKED LINKER/LOCATER V6.22                                                      06/05/2014  10:05:02  PAGE 29


  C:2A60H         LINE#         59
  C:2A64H         LINE#         60
  C:2A67H         LINE#         61
  C:2A67H         LINE#         63
  C:2A6AH         LINE#         64
  C:2A6AH         LINE#         66
  C:2A6DH         LINE#         67
  C:2A70H         LINE#         68
  C:2A84H         LINE#         69
  C:2A86H         LINE#         71
  C:2A86H         LINE#         73
  C:2A89H         LINE#         74
  C:2A9EH         LINE#         75
  C:2A9EH         LINE#         77
  C:2AA2H         LINE#         78
  C:2AA4H         LINE#         79
  -------         ENDPROC       RADIO_ENABLERX
  -------         ENDMOD        RADIO_ENABLERX

  -------         MODULE        RADIO_GETTELEGRAM
  C:0000H         SYMBOL        _ICE_DUMMY_
  B:00A8H.7       PUBLIC        EA
  C:3050H         PUBLIC        radio_waitEndMaturity
  B:0028H.1       PUBLIC        bgWaitEndMaturity
  C:0EEAH         PUBLIC        _radio_getTelegram
  C:2D98H         SYMBOL        Com001A
  C:2D98H         SYMBOL        L?0027
  C:2D99H         SYMBOL        L?0028
  C:2D9FH         SYMBOL        L?0029
  C:2DA2H         SYMBOL        L?0030
  C:2DA9H         SYMBOL        L?0031
  C:2DA9H         SYMBOL        L?0032
  C:2DB3H         SYMBOL        L?0033
  C:2DB3H         SYMBOL        L?0034
  C:2DBAH         SYMBOL        L?0035
  -------         PROC          COM001A
  -------         ENDPROC       COM001A
  -------         PROC          _RADIO_GETTELEGRAM
  X:039EH         SYMBOL        pRxRadioTelegram
  X:03A1H         SYMBOL        pu8TelParam
  -------         DO            
  B:0026H.0       SYMBOL        EA_OLD
  D:0029H         SYMBOL        u8BuffIdx
  D:0007H         SYMBOL        u8Flags
  X:03A4H         SYMBOL        u32DestId
  D:002AH         SYMBOL        u8DataLen
  D:0007H         SYMBOL        u8Checksum
  B:0026H.1       SYMBOL        u8CRC_ChksumFlag
  D:0006H         SYMBOL        i
  X:03A8H         SYMBOL        pu8Dst
  -------         ENDDO         
  C:0EEAH         LINE#         25
  C:0EF0H         LINE#         26
  C:0EF0H         LINE#         30
  C:0EFAH         LINE#         40
  C:0F07H         LINE#         41
  C:0F07H         LINE#         43
BL51 BANKED LINKER/LOCATER V6.22                                                      06/05/2014  10:05:02  PAGE 30


  C:0F0DH         LINE#         45
  C:0F14H         LINE#         47
  C:0F18H         LINE#         50
  C:0F34H         LINE#         52
  C:0F34H         LINE#         54
  C:0F45H         LINE#         55
  C:0F45H         LINE#         58
  C:0F56H         LINE#         59
  C:0F56H         LINE#         61
  C:0F69H         LINE#         62
  C:0F69H         LINE#         64
  C:0F70H         LINE#         66
  C:0F75H         LINE#         67
  C:0F75H         LINE#         68
  C:0F78H         LINE#         69
  C:0F7BH         LINE#         70
  C:0F7BH         LINE#         72
  C:0F9CH         LINE#         73
  C:0FD1H         LINE#         74
  C:100CH         LINE#         75
  C:101BH         LINE#         78
  C:1025H         LINE#         79
  C:1048H         LINE#         80
  C:104AH         LINE#         81
  C:105BH         LINE#         82
  C:105BH         LINE#         83
  C:1065H         LINE#         84
  C:1070H         LINE#         86
  C:1075H         LINE#         87
  C:1078H         LINE#         88
  C:1085H         LINE#         90
  C:1087H         LINE#         93
  C:1087H         LINE#         96
  C:10B7H         LINE#         97
  C:10C4H         LINE#         98
  C:10C4H         LINE#         101
  C:10CFH         LINE#         102
  C:10CFH         LINE#         103
  C:10E9H         LINE#         104
  C:10F5H         LINE#         106
  C:10FBH         LINE#         108
  C:1104H         LINE#         110
  C:1108H         LINE#         111
  C:1108H         LINE#         112
  C:110AH         LINE#         114
  C:110AH         LINE#         118
  C:110DH         LINE#         119
  C:110FH         LINE#         120
  C:110FH         LINE#         124
  C:1112H         LINE#         126
  C:1115H         LINE#         127
  C:111AH         LINE#         129
  C:111CH         LINE#         130
  -------         ENDPROC       _RADIO_GETTELEGRAM
  -------         PROC          RADIO_WAITENDMATURITY
  B:0028H.0       SYMBOL        bValue
  C:3050H         LINE#         132
BL51 BANKED LINKER/LOCATER V6.22                                                      06/05/2014  10:05:02  PAGE 31


  C:3050H         LINE#         133
  C:3050H         LINE#         134
  C:3054H         LINE#         135
  -------         ENDPROC       RADIO_WAITENDMATURITY
  -------         ENDMOD        RADIO_GETTELEGRAM

  -------         MODULE        RADIO_INIT
  C:0000H         SYMBOL        _ICE_DUMMY_
  B:0025H.0       PUBLIC        bgRadioRxErrorIRQ
  X:0336H         PUBLIC        u8gRxRadioIntBuff
  D:0010H         PUBLIC        u8gRxRadioIntBytes
  D:0012H         PUBLIC        u8gMaturityTime
  X:0376H         PUBLIC        u8DbgRawErr
  X:0377H         PUBLIC        u8gDbgFlags
  D:0013H         PUBLIC        u8gRxRadioIntDbm
  D:0015H         PUBLIC        u8gNumBuffers
  X:0378H         PUBLIC        u8RxDbgRawLength
  C:3055H         PUBLIC        radio_isTx
  D:0016H         PUBLIC        u8gRxTxFlags
  X:0379H         PUBLIC        _pu16AddrIncDutyCallback
  D:0017H         PUBLIC        u8gFreeIntBuffer
  C:2805H         PUBLIC        _radio_init
  X:037BH         PUBLIC        pu16AddrIsOverLimit
  B:0025H.1       PUBLIC        bgLoopbackOn
  B:0025H.2       PUBLIC        bgRadioInitialized
  B:0025H.3       PUBLIC        bgRadioRxOn
  B:0025H.4       PUBLIC        bgRadioTxOn
  D:0018H         PUBLIC        u16gRxRadioIntRSSILNA
  X:037DH         PUBLIC        pu16AddrCheckDutyCallback
  B:0025H.5       PUBLIC        bgMergeRepeated
  B:0025H.6       PUBLIC        bgRadioRxIRQ
  B:0025H.7       PUBLIC        bgRadioTxIRQ
  D:001CH         PUBLIC        u8gFreeBuffer
  -------         PROC          _RADIO_INIT
  X:037FH         SYMBOL        u8NumBuffers
  X:0380H         SYMBOL        u8MaturityTime
  -------         DO            
  X:0381H         SYMBOL        gDolphinCfg
  D:0029H         SYMBOL        u8Index
  -------         ENDDO         
  C:2805H         LINE#         79
  C:280DH         LINE#         80
  C:280DH         LINE#         82
  C:2814H         LINE#         84
  C:2817H         LINE#         86
  C:281DH         LINE#         87
  C:2821H         LINE#         89
  C:2824H         LINE#         90
  C:2826H         LINE#         97
  C:282FH         LINE#         98
  C:282FH         LINE#         99
  C:2836H         LINE#         100
  C:283DH         LINE#         101
  C:2844H         LINE#         102
  C:284BH         LINE#         103
  C:2852H         LINE#         104
  C:2859H         LINE#         105
BL51 BANKED LINKER/LOCATER V6.22                                                      06/05/2014  10:05:02  PAGE 32


  C:2866H         LINE#         106
  C:286AH         LINE#         107
  C:286CH         LINE#         108
  -------         ENDPROC       _RADIO_INIT
  -------         PROC          RADIO_ISTX
  C:3055H         LINE#         110
  C:3055H         LINE#         111
  C:3055H         LINE#         112
  C:3057H         LINE#         113
  -------         ENDPROC       RADIO_ISTX
  -------         ENDMOD        RADIO_INIT

  -------         MODULE        RADIO_TIMELIMIT
  C:0000H         SYMBOL        _ICE_DUMMY_
  X:03D9H         PUBLIC        gDutyCycle
  C:2AA5H         PUBLIC        _radio_incrementLimit
  C:2B40H         PUBLIC        _radio_initDutyCycleLimit
  X:03E3H         PUBLIC        u8DutyCycleSlots
  X:03E4H         PUBLIC        u16SlotPeriod
  C:2E8BH         PUBLIC        radio_isOverLimit
  C:2633H         PUBLIC        radio_checkLimitTimer
  C:301AH         SYMBOL        Com000C
  C:301AH         SYMBOL        L?0013
  C:301AH         SYMBOL        L?0014
  -------         PROC          COM000C
  -------         ENDPROC       COM000C
  -------         PROC          _RADIO_INITDUTYCYCLELIMIT
  D:0007H         SYMBOL        u8NumSlots
  C:2B40H         LINE#         36
  C:2B40H         LINE#         37
  C:2B40H         LINE#         38
  C:2B45H         LINE#         39
  C:2B59H         LINE#         41
  C:2B68H         LINE#         43
  C:2B72H         LINE#         44
  C:2B7CH         LINE#         45
  C:2B86H         LINE#         46
  -------         ENDPROC       _RADIO_INITDUTYCYCLELIMIT
  -------         PROC          RADIO_CHECKLIMITTIMER
  C:2633H         LINE#         48
  C:2638H         LINE#         51
  C:263EH         LINE#         52
  C:2641H         LINE#         55
  C:265AH         LINE#         56
  C:265AH         LINE#         57
  C:2661H         LINE#         58
  C:266EH         LINE#         59
  C:2672H         LINE#         61
  C:2678H         LINE#         64
  C:26ADH         LINE#         66
  C:26B2H         LINE#         67
  C:26B2H         LINE#         68
  -------         ENDPROC       RADIO_CHECKLIMITTIMER
  -------         PROC          _RADIO_INCREMENTLIMIT
  D:000FH         SYMBOL        u8NumOfBytes
  C:2AA5H         LINE#         70
  C:2AAAH         LINE#         73
BL51 BANKED LINKER/LOCATER V6.22                                                      06/05/2014  10:05:02  PAGE 33


  C:2AB5H         LINE#         75
  C:2AC8H         LINE#         77
  C:2ADFH         LINE#         78
  C:2ADFH         LINE#         79
  C:2AEAH         LINE#         80
  C:2AF0H         LINE#         81
  C:2AF0H         LINE#         82
  -------         ENDPROC       _RADIO_INCREMENTLIMIT
  -------         PROC          RADIO_ISOVERLIMIT
  C:2E8BH         LINE#         84
  C:2E8BH         LINE#         85
  C:2E8BH         LINE#         86
  C:2EA5H         LINE#         87
  -------         ENDPROC       RADIO_ISOVERLIMIT
  -------         ENDMOD        RADIO_TIMELIMIT

  -------         MODULE        TIME_GETTIMEOUT
  C:0000H         SYMBOL        _ICE_DUMMY_
  C:286DH         PUBLIC        _time_getTimeOut
  C:0003H         SYMBOL        Com0005
  C:0003H         SYMBOL        L?0006
  C:0003H         SYMBOL        L?0007
  -------         PROC          COM0005
  -------         ENDPROC       COM0005
  -------         PROC          _TIME_GETTIMEOUT
  X:0383H         SYMBOL        pu8timer
  -------         DO            
  D:0029H         SYMBOL        u32Tmp
  -------         ENDDO         
  C:286DH         LINE#         16
  C:2873H         LINE#         17
  C:2873H         LINE#         20
  C:287FH         LINE#         21
  C:2882H         LINE#         23
  C:2886H         LINE#         24
  C:2889H         LINE#         26
  C:2892H         LINE#         29
  C:28B8H         LINE#         30
  C:28B8H         LINE#         32
  C:28CAH         LINE#         33
  C:28CFH         LINE#         35
  C:28D2H         LINE#         36
  C:28D2H         LINE#         38
  C:28D4H         LINE#         39
  -------         ENDPROC       _TIME_GETTIMEOUT
  -------         ENDMOD        TIME_GETTIMEOUT

  -------         MODULE        TIME_SETTIMERCOUNT
  C:0000H         SYMBOL        _ICE_DUMMY_
  C:2C82H         PUBLIC        _time_setTimerCount
  -------         PROC          _TIME_SETTIMERCOUNT
[...]
  C:292FH         LINE#         111
  C:292FH         LINE#         113
  C:292FH         LINE#         116
  -------         ENDPROC       _RADIO_SUBTELTIMING
  -------         ENDMOD        RADIO_SUBTELTIMING

  -------         MODULE        RADIO_TX
  C:0000H         SYMBOL        _ICE_DUMMY_
  D:00A4H         PUBLIC        irx_irq
  D:009EH         PUBLIC        fracn_channel_lo
  D:00B4H         PUBLIC        dbuf_cpu_wr
  C:2FB0H         PUBLIC        _IsLBT
  D:00B6H         PUBLIC        dbuf_addr
  B:0023H.0       PUBLIC        bByte1_0
  B:0024H.0       PUBLIC        bByte2_0
  B:0023H.1       PUBLIC        bByte1_1
  B:0024H.1       PUBLIC        bByte2_1
  B:0023H.2       PUBLIC        bByte1_2
  B:0024H.2       PUBLIC        bByte2_2
  B:0023H.3       PUBLIC        bByte1_3
  D:00CEH         PUBLIC        fracn_na
  B:0024H.3       PUBLIC        bByte2_3
  B:0023H.4       PUBLIC        bByte1_4
  B:0024H.4       PUBLIC        bByte2_4
  B:0023H.5       PUBLIC        bByte1_5
  B:0024H.5       PUBLIC        bByte2_5
  B:0023H.6       PUBLIC        bByte1_6
  B:0024H.6       PUBLIC        bByte2_6
  B:0023H.7       PUBLIC        bByte1_7
  B:0024H.7       PUBLIC        bByte2_7
  C:134FH         PUBLIC        _radio_tx
  D:00DCH         PUBLIC        sys_mode
  D:00D4H         PUBLIC        sys_status
  D:0023H         PUBLIC        u8Byte1
  D:0024H         PUBLIC        u8Byte2
  D:00DEH         PUBLIC        sys_ctrl
  D:009FH         PUBLIC        fracn_channel_hi
  C:3034H         SYMBOL        Com0028
  C:3034H         SYMBOL        L?0041
  C:3034H         SYMBOL        L?0042
  -------         PROC          COM0028
  -------         ENDPROC       COM0028
  -------         PROC          _ISLBT
  D:000FH         SYMBOL        u8TimeLeft
  C:2FB0H         LINE#         55
  C:2FB0H         LINE#         56
  C:2FB0H         LINE#         57
  C:2FB5H         LINE#         58
  C:2FB5H         LINE#         59
  C:2FBBH         LINE#         60
  C:2FBBH         LINE#         62
BL51 BANKED LINKER/LOCATER V6.22                                                      06/05/2014  10:05:02  PAGE 74


  C:2FBEH         LINE#         63
  C:2FBEH         LINE#         65
  C:2FBEH         LINE#         67
  C:2FBEH         LINE#         68
  C:2FBEH         LINE#         69
  C:2FC0H         LINE#         70
  -------         ENDPROC       _ISLBT
  -------         PROC          _RADIO_TX
  X:03ABH         SYMBOL        pu8SrcBuff
  X:03AEH         SYMBOL        u8NumBytes
  X:03AFH         SYMBOL        u8State
  X:03B0H         SYMBOL        u8TimeLeft
  -------         DO            
  B:0026H.4       SYMBOL        bPair
  B:0026H.5       SYMBOL        bCRC
  D:0039H         SYMBOL        u8i
  D:003AH         SYMBOL        u8CheckSum
  D:003BH         SYMBOL        u8Count
  -------         ENDDO         
  C:134FH         LINE#         73
  C:135AH         LINE#         74
  C:135AH         LINE#         75
  C:135CH         LINE#         76
  C:135EH         LINE#         78
  C:1361H         LINE#         79
  C:1363H         LINE#         82
  C:1369H         LINE#         83
  C:1369H         LINE#         84
  C:1372H         LINE#         85
  C:1372H         LINE#         87
  C:1375H         LINE#         88
  C:1375H         LINE#         90
  C:1375H         LINE#         92
  C:1375H         LINE#         93
  C:1375H         LINE#         95
  C:1378H         LINE#         97
  C:137BH         LINE#         100
  C:1388H         LINE#         101
  C:138DH         LINE#         102
  C:1390H         LINE#         103
  C:1393H         LINE#         104
  C:1398H         LINE#         105
  C:1398H         LINE#         106
  C:139DH         LINE#         107
  C:13A0H         LINE#         108
  C:13A3H         LINE#         109
  C:13A3H         LINE#         110
  C:13A8H         LINE#         111
  C:13ABH         LINE#         112
  C:13AEH         LINE#         114
  C:13BFH         LINE#         115
  C:13BFH         LINE#         116
  C:13C4H         LINE#         117
  C:13C9H         LINE#         119
  C:13C9H         LINE#         120
  C:13D2H         LINE#         121
  C:13D8H         LINE#         123
BL51 BANKED LINKER/LOCATER V6.22                                                      06/05/2014  10:05:02  PAGE 75


  C:13E7H         LINE#         125
  C:13EAH         LINE#         126
  C:13F2H         LINE#         128
  C:13FCH         LINE#         129
  C:13FCH         LINE#         131
  C:13FFH         LINE#         132
  C:13FFH         LINE#         133
  C:1403H         LINE#         134
  C:1407H         LINE#         135
  C:140BH         LINE#         136
  C:1410H         LINE#         138
  C:1414H         LINE#         139
  C:1418H         LINE#         140
  C:141CH         LINE#         141
  C:1421H         LINE#         142
  C:1425H         LINE#         143
  C:1429H         LINE#         144
  C:142BH         LINE#         145
  C:142DH         LINE#         146
  C:1432H         LINE#         147
  C:1435H         LINE#         148
  C:1438H         LINE#         149
  C:1440H         LINE#         150
  C:1440H         LINE#         153
  C:1448H         LINE#         154
  C:1448H         LINE#         155
  C:144DH         LINE#         156
  C:1450H         LINE#         160
  C:1450H         LINE#         161
  C:1453H         LINE#         162
  C:1457H         LINE#         163
  C:145BH         LINE#         164
  C:1460H         LINE#         165
  C:1464H         LINE#         166
  C:1468H         LINE#         167
  C:146CH         LINE#         168
  C:1471H         LINE#         169
  C:1476H         LINE#         170
  C:1479H         LINE#         171
  C:147CH         LINE#         172
  C:147CH         LINE#         174
  C:147EH         LINE#         175
  C:1483H         LINE#         179
  C:148AH         LINE#         180
  C:148AH         LINE#         181
  C:148CH         LINE#         182
  C:148EH         LINE#         183
  C:1493H         LINE#         184
  C:1496H         LINE#         185
  C:149CH         LINE#         186
  C:149CH         LINE#         189
  C:14AAH         LINE#         190
  C:14AFH         LINE#         191
  C:14B1H         LINE#         192
  C:14B8H         LINE#         193
  C:14BAH         LINE#         195
  C:14C3H         LINE#         197
BL51 BANKED LINKER/LOCATER V6.22                                                      06/05/2014  10:05:02  PAGE 76


  C:14C8H         LINE#         198
  C:14CBH         LINE#         200
  C:14D6H         LINE#         201
  C:14D6H         LINE#         203
  C:14DFH         LINE#         204
  C:14DFH         LINE#         207
  C:14E2H         LINE#         211
  C:14E5H         LINE#         212
  C:14F7H         LINE#         215
  C:14F9H         LINE#         217
  C:1509H         LINE#         218
  C:150BH         LINE#         219
  -------         ENDPROC       _RADIO_TX
  -------         ENDMOD        RADIO_TX

  -------         MODULE        REP_CHECKREP
  C:0000H         SYMBOL        _ICE_DUMMY_
  X:03F8H         PUBLIC        u8gRepLevel
  C:226AH         PUBLIC        _rep_checkRep
  -------         PROC          _REP_CHECKREP
  X:03ABH         SYMBOL        u8NumBuf
  -------         DO            
  D:0038H         SYMBOL        u8RepCount
  D:0039H         SYMBOL        u8Status
  -------         ENDDO         
  C:226AH         LINE#         26
  C:226FH         LINE#         27
  C:226FH         LINE#         32
  C:227BH         LINE#         36
  C:2298H         LINE#         37
  C:229CH         LINE#         38
  C:22AAH         LINE#         40
  C:22B8H         LINE#         45
  C:22DCH         LINE#         50
  C:22F1H         LINE#         57
  C:230BH         LINE#         59
  C:2311H         LINE#         61
  C:231EH         LINE#         63
  C:2326H         LINE#         65
  -------         ENDPROC       _REP_CHECKREP
  -------         ENDMOD        REP_CHECKREP

  -------         MODULE        ?C?PLDIXDATA
  C:0752H         PUBLIC        ?C?PLDIXDATA
  -------         ENDMOD        ?C?PLDIXDATA

  -------         MODULE        RADIO_ISRECEIVING
  C:0000H         SYMBOL        _ICE_DUMMY_
  C:2E6FH         PUBLIC        radio_isReceiving
  -------         PROC          RADIO_ISRECEIVING
  -------         DO            
  D:003CH         SYMBOL        u16state
  -------         ENDDO         
  C:2E6FH         LINE#         29
  C:2E6FH         LINE#         30
  C:2E6FH         LINE#         34
  C:2E72H         LINE#         35
BL51 BANKED LINKER/LOCATER V6.22                                                      06/05/2014  10:05:02  PAGE 77


  C:2E75H         LINE#         37
  C:2E80H         LINE#         38
  C:2E85H         LINE#         39
  C:2E88H         LINE#         41
  C:2E8AH         LINE#         42
  -------         ENDPROC       RADIO_ISRECEIVING
  -------         ENDMOD        RADIO_ISRECEIVING

  -------         MODULE        RADIO_RSSITODBM_ASM
  C:2CF8H         SEGMENT       ?PR?_RADIO_RSSITODBM_ASM?RADIO_RSSITODBM_ASM
  C:2CF8H         PUBLIC        _RADIO_RSSITODBM_ASM
  D:00E0H         SYMBOL        ACC
  C:2D14H         SYMBOL        COMPESATE_AGC_15DBM
  C:2D1DH         SYMBOL        CONT
  C:2D30H         SYMBOL        ENDE
  C:2D00H         SYMBOL        HIBYTE_IS_NULL
  C:2D24H         SYMBOL        NEXT
  C:2D28H         SYMBOL        SATURATION
  C:2D05H         SYMBOL        SHIFT_TILL_CARRY
  C:2CF8H         LINE#         24
  C:2CFAH         LINE#         25
  C:2CFBH         LINE#         26
  C:2CFCH         LINE#         27
  C:2CFEH         LINE#         29
  C:2D00H         LINE#         33
  C:2D01H         LINE#         35
  C:2D03H         LINE#         37
  C:2D05H         LINE#         41
  C:2D06H         LINE#         43
  C:2D07H         LINE#         45
  C:2D08H         LINE#         47
  C:2D09H         LINE#         49
  C:2D0AH         LINE#         51
  C:2D0BH         LINE#         52
  C:2D0DH         LINE#         55
  C:2D0EH         LINE#         59
  C:2D0FH         LINE#         60
  C:2D12H         LINE#         61
  C:2D13H         LINE#         63
  C:2D14H         LINE#         68
  C:2D15H         LINE#         69
  C:2D18H         LINE#         70
  C:2D19H         LINE#         71
  C:2D1AH         LINE#         72
  C:2D1CH         LINE#         73
  C:2D1DH         LINE#         77
  C:2D1EH         LINE#         78
  C:2D21H         LINE#         80
  C:2D22H         LINE#         81
  C:2D23H         LINE#         82
  C:2D24H         LINE#         86
  C:2D27H         LINE#         87
  C:2D28H         LINE#         91
  C:2D29H         LINE#         92
  C:2D2AH         LINE#         93
  C:2D2CH         LINE#         94
  C:2D2EH         LINE#         95
BL51 BANKED LINKER/LOCATER V6.22                                                      06/05/2014  10:05:02  PAGE 78


  C:2D30H         LINE#         98
  -------         ENDMOD        RADIO_RSSITODBM_ASM

  -------         MODULE        SMACK_VAR
  C:0000H         SYMBOL        _ICE_DUMMY_
  I:0093H         PUBLIC        u8gReclaimRadioIdx
  -------         ENDMOD        SMACK_VAR

  -------         MODULE        APBBR_READ_DATA_I
  C:2F7BH         SEGMENT       ?PR?_APBBR_READ_DATA_I?APBBR_READ_DATA_I
  C:2F7BH         PUBLIC        _APBBR_READ_DATA_I
  B:00D0H.6       SYMBOL        AC
  D:00E0H         SYMBOL        ACC
  B:00E8H.0       SYMBOL        ADIO0_BIT
  B:00E8H.1       SYMBOL        ADIO1_BIT
  B:00E8H.2       SYMBOL        ADIO2_BIT
  B:00E8H.3       SYMBOL        ADIO3_BIT
  B:00E8H.4       SYMBOL        ADIO4_BIT
  B:00E8H.5       SYMBOL        ADIO5_BIT
  B:00E8H.6       SYMBOL        ADIO6_BIT
  B:00E8H.7       SYMBOL        ADIO7_BIT
  D:00C0H         SYMBOL        APBBR_ADDR_LSB_REG
  D:00C1H         SYMBOL        APBBR_ADDR_MSB_REG
  D:00C2H         SYMBOL        APBBR_OPCODE_REG
  D:00C5H         SYMBOL        APBBR_RDATA_ILSB_REG
  D:00C6H         SYMBOL        APBBR_RDATA_IMSB_REG
  D:00C4H         SYMBOL        APBBR_RDATA_LLSB_REG
  D:00C7H         SYMBOL        APBBR_RDATA_MMSB_REG
  D:00D9H         SYMBOL        APBBR_WDATA_ILSB_REG
  D:00DAH         SYMBOL        APBBR_WDATA_IMSB_REG
  D:00D8H         SYMBOL        APBBR_WDATA_LLSB_REG
  D:00DBH         SYMBOL        APBBR_WDATA_MMSB_REG
  D:00CDH         SYMBOL        APP_DAC_DATA
  D:00FFH         SYMBOL        ASC_CONF0
  D:008FH         SYMBOL        ASC_CONF1
  D:008EH         SYMBOL        ASC_CONF2
  D:0085H         SYMBOL        ASC_CONF3
  D:00C9H         SYMBOL        ASC_CONF4
  D:00CAH         SYMBOL        ASC_CONF5
  D:00CBH         SYMBOL        ASC_CONF6
  D:0086H         SYMBOL        ASC_CONF7
  D:0089H         SYMBOL        ASC_CONF8
  D:00F0H         SYMBOL        B
  B:00D0H.7       SYMBOL        CY
  D:00B6H         SYMBOL        DBUF_ADDR
  D:00B5H         SYMBOL        DBUF_CPU_RD
  D:00B4H         SYMBOL        DBUF_CPU_WR
  D:00B7H         SYMBOL        DBUF_CTRL
  D:00B3H         SYMBOL        DBUF_RX_PTR
  D:00B2H         SYMBOL        DBUF_TX_PTR
  D:0083H         SYMBOL        DPH
  D:0082H         SYMBOL        DPL
  B:00A8H.7       SYMBOL        EA
  B:00A8H.4       SYMBOL        ES
  B:00A8H.1       SYMBOL        ET0
  B:00A8H.3       SYMBOL        ET1
  B:00A8H.0       SYMBOL        EX0
BL51 BANKED LINKER/LOCATER V6.22                                                      06/05/2014  10:05:02  PAGE 79


  B:00A8H.2       SYMBOL        EX1
  B:00D0H.5       SYMBOL        F0
  D:00ECH         SYMBOL        FLASH_BADDR
  D:00EEH         SYMBOL        FLASH_BCNTRL
  D:00EDH         SYMBOL        FLASH_BDATA
  D:00EFH         SYMBOL        FLASH_BSTAT
  D:00E4H         SYMBOL        FLASH_CNTRL
  D:00EBH         SYMBOL        FLASH_ER_EN
  D:00E7H         SYMBOL        FLASH_IEN
  D:00E6H         SYMBOL        FLASH_IRQ
  D:00E5H         SYMBOL        FLASH_PADDR
  D:00BCH         SYMBOL        FM_FREQ_DEV
  D:009FH         SYMBOL        FRACN_CHANNEL_HI
  D:009EH         SYMBOL        FRACN_CHANNEL_LO
  D:00D7H         SYMBOL        FRACN_CONFIG
  D:00CEH         SYMBOL        FRACN_NA
  D:00C8H         SYMBOL        GPIO0
  D:00A3H         SYMBOL        GPIO0_CONF
  D:00A1H         SYMBOL        GPIO0_DIR
  D:00BDH         SYMBOL        GPIO0_PULL_CONF
  D:00E8H         SYMBOL        GPIO1
  D:00BEH         SYMBOL        GPIO1_AN
  D:00ABH         SYMBOL        GPIO1_CONF
  D:00CCH         SYMBOL        GPIO1_DIG_CONF
  D:00A9H         SYMBOL        GPIO1_DIR
  D:00BFH         SYMBOL        GPIO1_PULL
  D:00F8H         SYMBOL        GPIO2
  D:00D3H         SYMBOL        GPIO2_CONF
  D:00D1H         SYMBOL        GPIO2_DIR
  D:00CFH         SYMBOL        GPIO_CONF
  D:00A8H         SYMBOL        IE
  B:0088H.1       SYMBOL        IE0
  B:0088H.3       SYMBOL        IE1
  D:00AFH         SYMBOL        IGE_IE
  D:00AEH         SYMBOL        IGE_IRQ
  B:00B0H.2       SYMBOL        INT0
  B:00B0H.3       SYMBOL        INT1
  B:00A8H.2       SYMBOL        INT_GEN
  B:00B8H.2       SYMBOL        INT_GEN_IP
  B:00A8H.3       SYMBOL        INT_RX
  B:00B8H.3       SYMBOL        INT_RX_IP
  B:00A8H.5       SYMBOL        INT_SW
  B:00B8H.5       SYMBOL        INT_SW_IP
  B:00A8H.0       SYMBOL        INT_SYS
  B:00B8H.0       SYMBOL        INT_SYS_IP
  B:00A8H.1       SYMBOL        INT_TIMER0
  B:00B8H.1       SYMBOL        INT_TIMER0_IP
  B:00A8H.6       SYMBOL        INT_TX
  B:00B8H.6       SYMBOL        INT_TX_IP
  B:00A8H.4       SYMBOL        INT_UART
  B:00B8H.4       SYMBOL        INT_UART_IP
  D:00B8H         SYMBOL        IP
  D:00A5H         SYMBOL        IRX_IE
  D:00A4H         SYMBOL        IRX_IRQ
  D:00ADH         SYMBOL        ISYS_IE
  D:00ACH         SYMBOL        ISYS_IRQ
  B:0088H.0       SYMBOL        IT0
BL51 BANKED LINKER/LOCATER V6.22                                                      06/05/2014  10:05:02  PAGE 80


  B:0088H.2       SYMBOL        IT1
  D:00A7H         SYMBOL        ITX_IE
  D:00A6H         SYMBOL        ITX_IRQ
  B:00D0H.2       SYMBOL        OV
  D:00D2H         SYMBOL        OVR_ANA_CTRL
  B:00D0H.0       SYMBOL        P
  D:0080H         SYMBOL        P0
  D:0090H         SYMBOL        P1
  D:00A0H         SYMBOL        P2
  D:00B0H         SYMBOL        P3
  D:00B1H         SYMBOL        P4
  D:00B9H         SYMBOL        P5
  D:00AAH         SYMBOL        P6
  D:0087H         SYMBOL        PCON
  D:00BAH         SYMBOL        PRBS_LOWER
  D:00BBH         SYMBOL        PRBS_UPPER
  B:00B8H.4       SYMBOL        PS
  D:00D0H         SYMBOL        PSW
  B:00B8H.1       SYMBOL        PT0
  B:00B8H.3       SYMBOL        PT1
  B:00B8H.0       SYMBOL        PX0
  B:00B8H.2       SYMBOL        PX1
  B:0098H.2       SYMBOL        RB8
  B:00B0H.7       SYMBOL        RD
  B:0098H.4       SYMBOL        REN
  D:009DH         SYMBOL        REVISION_HIGH
  D:009CH         SYMBOL        REVISION_LOW
  B:0098H.0       SYMBOL        RI
  B:00D0H.3       SYMBOL        RS0
  B:00D0H.4       SYMBOL        RS1
  B:00C8H.3       SYMBOL        RSDADIO3_BIT
  B:00B0H.0       SYMBOL        RXD
  D:0099H         SYMBOL        SBUF
  B:00C8H.1       SYMBOL        SCLKDIO1_BIT
  D:0098H         SYMBOL        SCON
  B:00C8H.0       SYMBOL        SCSEDIO0_BIT
  B:0098H.7       SYMBOL        SM0
  B:0098H.6       SYMBOL        SM1
  B:0098H.5       SYMBOL        SM2
  D:0081H         SYMBOL        SP
  D:00D5H         SYMBOL        SYS_CLK_CTRL
  D:00D6H         SYMBOL        SYS_CLK_STATUS
  D:00DEH         SYMBOL        SYS_CTRL
  D:00DFH         SYMBOL        SYS_DATARATE_CTRL
  D:00DDH         SYMBOL        SYS_IRQ
  D:00DCH         SYMBOL        SYS_MODE
  D:00D4H         SYMBOL        SYS_STATUS
  B:00B0H.4       SYMBOL        T0
  D:00F7H         SYMBOL        T0_CAP_LOWER
  D:00F6H         SYMBOL        T0_CAP_UPPER
  D:00FAH         SYMBOL        T0_CCU
  D:00F5H         SYMBOL        T0_CMP_LOWER
  D:00F4H         SYMBOL        T0_CMP_UPPER
  D:00FEH         SYMBOL        T0_CNT_LOWER
  D:00FDH         SYMBOL        T0_CNT_UPPER
  D:00F9H         SYMBOL        T0_CTRL
  D:00FCH         SYMBOL        T0_IMR
BL51 BANKED LINKER/LOCATER V6.22                                                      06/05/2014  10:05:02  PAGE 81


  D:00FBH         SYMBOL        T0_ISR
  B:00B0H.5       SYMBOL        T1
  D:00F3H         SYMBOL        T1_CMP_LOWER
  D:0092H         SYMBOL        T1_CMP_UPPER
  D:00F2H         SYMBOL        T1_CNT_LOWER
  D:0091H         SYMBOL        T1_CNT_UPPER
  D:00F1H         SYMBOL        T1_CTRL
  D:00E9H         SYMBOL        T1_PER_LOWER
  D:0093H         SYMBOL        T1_PER_UPPER
  B:0098H.3       SYMBOL        TB8
  D:0088H         SYMBOL        TCON
  B:0088H.5       SYMBOL        TF0
  B:0088H.7       SYMBOL        TF1
  D:008CH         SYMBOL        TH0
  D:008DH         SYMBOL        TH1
  B:0098H.1       SYMBOL        TI
  D:008AH         SYMBOL        TL0
  D:008BH         SYMBOL        TL1
  D:0089H         SYMBOL        TMOD
  B:0088H.4       SYMBOL        TR0
  B:0088H.6       SYMBOL        TR1
  B:00B0H.1       SYMBOL        TXD
  D:009AH         SYMBOL        UART51_BRR
  B:00F8H.2       SYMBOL        WAKE0_BIT
  B:00F8H.3       SYMBOL        WAKE1_BIT
  B:00B0H.6       SYMBOL        WR
  B:00C8H.2       SYMBOL        WSDADIO2_BIT
  B:00F8H.0       SYMBOL        WXIDIO_BIT
  B:00F8H.1       SYMBOL        WXODIO_BIT
  C:2F7BH         LINE#         61
  C:2F7DH         LINE#         62
  C:2F7FH         LINE#         64
  C:2F81H         LINE#         65
  C:2F83H         LINE#         67
  C:2F86H         LINE#         68
  C:2F87H         LINE#         70
  C:2F89H         LINE#         71
  C:2F8BH         LINE#         73
  C:2F8DH         LINE#         75
  -------         ENDMOD        APBBR_READ_DATA_I

Program Size: data=148.3 xdata=1017 code=12630
LINK/LOCATE RUN COMPLETE.  0 WARNING(S),  0 ERROR(S)
